Bundling 6%
Bundling 17%
Bundling 65%
Bundling 71%
Bundling 76%
Bundling 81%
Bundling 86%
Bundling 91%
Bundling 98%
Bundling 100%
Getting composition
Composition          Scene02V3
Codec                h264
Output               /Users/janghokim/Documents/xps-staggered-joints-shorts/public/assets/video/scene02-preview-candidate-v3.mp4
Concurrency          2x
Rendered 0/274
Rendered 1/274, time remaining: 38s
Rendered 2/274, time remaining: 19s
Rendered 3/274, time remaining: 15s
Rendered 4/274, time remaining: 11s
Rendered 5/274, time remaining: 10s
Rendered 6/274, time remaining: 9s
Rendered 7/274, time remaining: 8s
Rendered 8/274, time remaining: 7s
Rendered 9/274, time remaining: 7s
Rendered 10/274, time remaining: 7s
Rendered 11/274, time remaining: 7s
Rendered 12/274, time remaining: 6s
Rendered 13/274, time remaining: 6s
Rendered 14/274, time remaining: 6s
Rendered 15/274, time remaining: 6s
Rendered 16/274, time remaining: 5s
Rendered 17/274, time remaining: 6s
Rendered 18/274, time remaining: 5s
Rendered 19/274, time remaining: 5s
Rendered 20/274, time remaining: 5s
Rendered 21/274, time remaining: 5s
Rendered 22/274, time remaining: 5s
Rendered 23/274, time remaining: 5s
Rendered 24/274, time remaining: 5s
Rendered 25/274, time remaining: 5s
Rendered 26/274, time remaining: 5s
Rendered 27/274, time remaining: 5s
Rendered 28/274, time remaining: 5s
Rendered 29/274, time remaining: 5s
Rendered 30/274, time remaining: 4s
Rendered 31/274, time remaining: 4s
Rendered 32/274, time remaining: 4s
Rendered 33/274, time remaining: 4s
Rendered 34/274, time remaining: 4s
Rendered 35/274, time remaining: 4s
Rendered 36/274, time remaining: 4s
Rendered 37/274, time remaining: 4s
Rendered 38/274, time remaining: 4s
Rendered 39/274, time remaining: 4s
Rendered 40/274, time remaining: 4s
Rendered 41/274, time remaining: 4s
Rendered 42/274, time remaining: 4s
Rendered 43/274, time remaining: 4s
Rendered 44/274, time remaining: 4s
Rendered 45/274, time remaining: 4s
Rendered 46/274, time remaining: 4s
Rendered 47/274, time remaining: 4s
Rendered 48/274, time remaining: 4s
Rendered 49/274, time remaining: 4s
Rendered 50/274, time remaining: 4s
Rendered 51/274, time remaining: 4s
Rendered 52/274, time remaining: 4s
Rendered 53/274, time remaining: 4s
Rendered 54/274, time remaining: 4s
Rendered 55/274, time remaining: 4s
Rendered 56/274, time remaining: 4s
Rendered 57/274, time remaining: 4s
Rendered 58/274, time remaining: 3s
Rendered 59/274, time remaining: 4s
Rendered 60/274, time remaining: 3s
Rendered 61/274, time remaining: 3s
Rendered 62/274, time remaining: 3s
Rendered 63/274, time remaining: 3s
Rendered 64/274, time remaining: 3s
Rendered 65/274, time remaining: 3s
Rendered 66/274, time remaining: 3s
Rendered 67/274, time remaining: 3s
Rendered 68/274, time remaining: 3s
Rendered 69/274, time remaining: 3s
Rendered 70/274, time remaining: 3s
Rendered 71/274, time remaining: 3s
Rendered 72/274, time remaining: 3s
Rendered 73/274, time remaining: 3s
Rendered 74/274, time remaining: 3s
Rendered 75/274, time remaining: 3s
Rendered 76/274, time remaining: 3s
Rendered 77/274, time remaining: 3s
Rendered 78/274, time remaining: 3s
Rendered 79/274, time remaining: 3s
Rendered 80/274, time remaining: 3s
Rendered 81/274, time remaining: 3s
Rendered 82/274, time remaining: 3s
Rendered 83/274, time remaining: 3s
Rendered 84/274, time remaining: 3s
Rendered 85/274, time remaining: 3s
Rendered 86/274, time remaining: 3s
Rendered 87/274, time remaining: 3s
Rendered 88/274, time remaining: 3s
Rendered 89/274, time remaining: 3s
Rendered 90/274, time remaining: 3s
Rendered 91/274, time remaining: 3s
Rendered 92/274, time remaining: 3s
Rendered 93/274, time remaining: 3s
Rendered 94/274, time remaining: 3s
Rendered 95/274, time remaining: 3s
Rendered 96/274, time remaining: 3s
Rendered 97/274, time remaining: 3s
Rendered 98/274, time remaining: 3s
Rendered 99/274, time remaining: 3s
Rendered 100/274, time remaining: 3s
Rendered 101/274, time remaining: 3s
Rendered 102/274, time remaining: 3s
Rendered 103/274, time remaining: 3s
Rendered 104/274, time remaining: 3s
Rendered 105/274, time remaining: 3s
Rendered 106/274, time remaining: 2s
Rendered 107/274, time remaining: 2s
Rendered 108/274, time remaining: 2s
Rendered 109/274, time remaining: 2s
Rendered 110/274, time remaining: 2s
Rendered 111/274, time remaining: 2s
Rendered 112/274, time remaining: 2s
Rendered 113/274, time remaining: 2s
Rendered 114/274, time remaining: 2s
Rendered 115/274, time remaining: 2s
Rendered 116/274, time remaining: 2s
Rendered 117/274, time remaining: 2s
Rendered 118/274, time remaining: 2s
Rendered 119/274, time remaining: 2s
Rendered 120/274, time remaining: 2s
Rendered 121/274, time remaining: 2s
Rendered 122/274, time remaining: 2s
Rendered 123/274, time remaining: 2s
Rendered 124/274, time remaining: 2s
Rendered 125/274, time remaining: 2s
Rendered 126/274, time remaining: 2s
Rendered 127/274, time remaining: 2s
Rendered 128/274, time remaining: 2s
Rendered 129/274, time remaining: 2s
Rendered 130/274, time remaining: 2s
Rendered 131/274, time remaining: 2s
Rendered 132/274, time remaining: 2s
Rendered 133/274, time remaining: 2s
Rendered 134/274, time remaining: 2s
Rendered 135/274, time remaining: 2s
Rendered 136/274, time remaining: 2s
Rendered 137/274, time remaining: 2s
Rendered 138/274, time remaining: 2s
Rendered 139/274, time remaining: 2s
Rendered 140/274, time remaining: 2s
Rendered 141/274, time remaining: 2s
Rendered 142/274, time remaining: 2s
Rendered 143/274, time remaining: 2s
Rendered 144/274, time remaining: 2s
Rendered 145/274, time remaining: 2s
Rendered 146/274, time remaining: 2s
Rendered 147/274, time remaining: 2s
Rendered 148/274, time remaining: 2s
Rendered 149/274, time remaining: 2s
Rendered 150/274, time remaining: 2s
Rendered 151/274, time remaining: 2s
Rendered 152/274, time remaining: 2s
Rendered 153/274, time remaining: 2s
Rendered 154/274, time remaining: 1s
Rendered 155/274, time remaining: 1s
Rendered 156/274, time remaining: 1s
Rendered 157/274, time remaining: 1s
Rendered 158/274, time remaining: 1s
Rendered 159/274, time remaining: 1s
Rendered 160/274, time remaining: 1s
Rendered 161/274, time remaining: 1s
Rendered 162/274, time remaining: 1s
Rendered 163/274, time remaining: 1s
Rendered 164/274, time remaining: 1s
Rendered 165/274, time remaining: 1s
Rendered 166/274, time remaining: 1s
Rendered 167/274, time remaining: 1s
Rendered 168/274, time remaining: 1s
Rendered 169/274, time remaining: 1s
Rendered 170/274, time remaining: 1s
Rendered 171/274, time remaining: 1s
Rendered 172/274, time remaining: 1s
Rendered 173/274, time remaining: 1s
Rendered 174/274, time remaining: 1s
Rendered 175/274, time remaining: 1s
Rendered 176/274, time remaining: 1s
Rendered 177/274, time remaining: 1s
Rendered 178/274, time remaining: 1s
Rendered 179/274, time remaining: 1s
Rendered 180/274, time remaining: 1s
Rendered 181/274, time remaining: 1s
Rendered 182/274, time remaining: 1s
Rendered 183/274, time remaining: 1s
Rendered 184/274, time remaining: 1s
Rendered 185/274, time remaining: 1s
Rendered 186/274, time remaining: 1s
Rendered 187/274, time remaining: 1s
Rendered 188/274, time remaining: 1s
Rendered 189/274, time remaining: 1s
Rendered 190/274, time remaining: 1s
Rendered 191/274, time remaining: 1s
Rendered 192/274, time remaining: 1s
Rendered 193/274, time remaining: 1s
Rendered 194/274, time remaining: 1s
Rendered 195/274, time remaining: 1s
Rendered 196/274, time remaining: 1s
Rendered 197/274, time remaining: 1s
Rendered 198/274, time remaining: 1s
Rendered 199/274, time remaining: 1s
Rendered 200/274, time remaining: 1s
Rendered 201/274, time remaining: 1s
Rendered 202/274, time remaining: 1s
Rendered 203/274, time remaining: 1s
Rendered 204/274, time remaining: 1s
Rendered 205/274, time remaining: 1s
Rendered 206/274, time remaining: 1s
Rendered 207/274, time remaining: 1s
Rendered 208/274, time remaining: 1s
Rendered 209/274, time remaining: 1s
Rendered 210/274, time remaining: 1s
Rendered 211/274, time remaining: 1s
Rendered 212/274, time remaining: 1s
Rendered 213/274, time remaining: 1s
Rendered 214/274, time remaining: 1s
Rendered 215/274, time remaining: 0s
Rendered 216/274, time remaining: 0s
Rendered 217/274, time remaining: 0s
Rendered 218/274, time remaining: 0s
Rendered 219/274, time remaining: 0s
Rendered 220/274, time remaining: 0s
Rendered 221/274, time remaining: 0s
Rendered 222/274, time remaining: 0s
Rendered 223/274, time remaining: 0s
Rendered 224/274, time remaining: 0s
Rendered 225/274, time remaining: 0s
Rendered 226/274, time remaining: 0s
Rendered 227/274, time remaining: 0s
Rendered 228/274, time remaining: 0s
Rendered 229/274, time remaining: 0s
Rendered 230/274, time remaining: 0s
Rendered 231/274, time remaining: 0s
Rendered 232/274, time remaining: 0s
Rendered 233/274, time remaining: 0s
Rendered 234/274, time remaining: 0s
Rendered 235/274, time remaining: 0s
Rendered 236/274, time remaining: 0s
Rendered 237/274, time remaining: 0s
Rendered 238/274, time remaining: 0s
Rendered 239/274, time remaining: 0s
Rendered 240/274, time remaining: 0s
Rendered 241/274, time remaining: 0s
Rendered 242/274, time remaining: 0s
Rendered 243/274, time remaining: 0s
Rendered 244/274, time remaining: 0s
Rendered 245/274, time remaining: 0s
Rendered 246/274, time remaining: 0s
Rendered 247/274, time remaining: 0s
Rendered 248/274, time remaining: 0s
Rendered 249/274, time remaining: 0s
Rendered 250/274, time remaining: 0s
Rendered 251/274, time remaining: 0s
Rendered 252/274, time remaining: 0s
Rendered 253/274, time remaining: 0s
Rendered 254/274, time remaining: 0s
Rendered 255/274, time remaining: 0s
Rendered 256/274, time remaining: 0s
Rendered 257/274, time remaining: 0s
Rendered 258/274, time remaining: 0s
Rendered 259/274, time remaining: 0s
Rendered 260/274, time remaining: 0s
Rendered 261/274, time remaining: 0s
Rendered 262/274, time remaining: 0s
Rendered 263/274, time remaining: 0s
Rendered 264/274, time remaining: 0s
Rendered 265/274, time remaining: 0s
Rendered 266/274, time remaining: 0s
Rendered 267/274, time remaining: 0s
Rendered 268/274, time remaining: 0s
Rendered 269/274, time remaining: 0s
Rendered 270/274, time remaining: 0s
Rendered 271/274, time remaining: 0s
Rendered 272/274, time remaining: 0s
Rendered 273/274, time remaining: 0s
Rendered 274/274
Encoded 274/274
+                    /Users/janghokim/Documents/xps-staggered-joints-shorts/public/assets/video/scene02-preview-candidate-v3.mp4 579.6 kB
