Bundling 6%
Bundling 18%
Bundling 65%
Bundling 71%
Bundling 76%
Bundling 81%
Bundling 86%
Bundling 91%
Bundling 98%
Bundling 100%
Getting composition
Composition          XpsStaggeredV3
Codec                h264
Output               /Users/janghokim/Documents/xps-staggered-joints-shorts/public/assets/video/xps-staggered-joints-preview-v3.mp4
Concurrency          2x
Rendered 0/1301
Rendered 1/1301, time remaining: 2m 59s
Rendered 2/1301, time remaining: 1m 30s
Rendered 3/1301, time remaining: 1m 12s
Rendered 4/1301, time remaining: 55s
Rendered 5/1301, time remaining: 51s
Rendered 6/1301, time remaining: 44s
Rendered 7/1301, time remaining: 42s
Rendered 8/1301, time remaining: 38s
Rendered 9/1301, time remaining: 38s
Rendered 10/1301, time remaining: 34s
Rendered 11/1301, time remaining: 35s
Rendered 12/1301, time remaining: 32s
Rendered 13/1301, time remaining: 32s
Rendered 14/1301, time remaining: 31s
Rendered 15/1301, time remaining: 31s
Rendered 16/1301, time remaining: 29s
Rendered 17/1301, time remaining: 30s
Rendered 18/1301, time remaining: 28s
Rendered 19/1301, time remaining: 29s
Rendered 20/1301, time remaining: 27s
Rendered 21/1301, time remaining: 28s
Rendered 22/1301, time remaining: 27s
Rendered 23/1301, time remaining: 27s
Rendered 24/1301, time remaining: 26s
Rendered 25/1301, time remaining: 27s
Rendered 26/1301, time remaining: 26s
Rendered 27/1301, time remaining: 26s
Rendered 28/1301, time remaining: 26s
Rendered 29/1301, time remaining: 26s
Rendered 30/1301, time remaining: 25s
Rendered 31/1301, time remaining: 25s
Rendered 32/1301, time remaining: 25s
Rendered 33/1301, time remaining: 25s
Rendered 34/1301, time remaining: 25s
Rendered 35/1301, time remaining: 25s
Rendered 36/1301, time remaining: 24s
Rendered 37/1301, time remaining: 25s
Rendered 38/1301, time remaining: 24s
Rendered 39/1301, time remaining: 24s
Rendered 40/1301, time remaining: 24s
Rendered 41/1301, time remaining: 24s
Rendered 42/1301, time remaining: 24s
Rendered 43/1301, time remaining: 24s
Rendered 44/1301, time remaining: 23s
Rendered 45/1301, time remaining: 24s
Rendered 46/1301, time remaining: 23s
Rendered 47/1301, time remaining: 24s
Rendered 48/1301, time remaining: 23s
Rendered 49/1301, time remaining: 23s
Rendered 50/1301, time remaining: 23s
Rendered 51/1301, time remaining: 23s
Rendered 52/1301, time remaining: 23s
Rendered 53/1301, time remaining: 23s
Rendered 54/1301, time remaining: 23s
Rendered 55/1301, time remaining: 23s
Rendered 56/1301, time remaining: 23s
Rendered 57/1301, time remaining: 23s
Rendered 58/1301, time remaining: 22s
Rendered 59/1301, time remaining: 23s
Rendered 60/1301, time remaining: 22s
Rendered 61/1301, time remaining: 23s
Rendered 62/1301, time remaining: 22s
Rendered 63/1301, time remaining: 22s
Rendered 64/1301, time remaining: 22s
Rendered 65/1301, time remaining: 22s
Rendered 66/1301, time remaining: 22s
Rendered 67/1301, time remaining: 22s
Rendered 68/1301, time remaining: 22s
Rendered 69/1301, time remaining: 22s
Rendered 70/1301, time remaining: 22s
Rendered 71/1301, time remaining: 22s
Rendered 72/1301, time remaining: 22s
Rendered 73/1301, time remaining: 22s
Rendered 74/1301, time remaining: 22s
Rendered 75/1301, time remaining: 22s
Rendered 76/1301, time remaining: 22s
Rendered 77/1301, time remaining: 22s
Rendered 78/1301, time remaining: 22s
Rendered 79/1301, time remaining: 22s
Rendered 80/1301, time remaining: 21s
Rendered 81/1301, time remaining: 22s
Rendered 82/1301, time remaining: 21s
Rendered 83/1301, time remaining: 22s
Rendered 84/1301, time remaining: 21s
Rendered 85/1301, time remaining: 21s
Rendered 86/1301, time remaining: 21s
Rendered 87/1301, time remaining: 21s
Rendered 88/1301, time remaining: 21s
Rendered 89/1301, time remaining: 21s
Rendered 90/1301, time remaining: 21s
Rendered 91/1301, time remaining: 21s
Rendered 92/1301, time remaining: 21s
Rendered 93/1301, time remaining: 21s
Rendered 94/1301, time remaining: 21s
Rendered 95/1301, time remaining: 21s
Rendered 96/1301, time remaining: 21s
Rendered 97/1301, time remaining: 21s
Rendered 98/1301, time remaining: 21s
Rendered 99/1301, time remaining: 21s
Rendered 100/1301, time remaining: 21s
Rendered 101/1301, time remaining: 21s
Rendered 102/1301, time remaining: 21s
Rendered 103/1301, time remaining: 21s
Rendered 104/1301, time remaining: 21s
Rendered 105/1301, time remaining: 21s
Rendered 106/1301, time remaining: 21s
Rendered 107/1301, time remaining: 21s
Rendered 108/1301, time remaining: 21s
Rendered 109/1301, time remaining: 21s
Rendered 110/1301, time remaining: 20s
Rendered 111/1301, time remaining: 21s
Rendered 112/1301, time remaining: 20s
Rendered 113/1301, time remaining: 21s
Rendered 114/1301, time remaining: 20s
Rendered 115/1301, time remaining: 20s
Rendered 116/1301, time remaining: 20s
Rendered 117/1301, time remaining: 20s
Rendered 118/1301, time remaining: 20s
Rendered 119/1301, time remaining: 20s
Rendered 120/1301, time remaining: 20s
Rendered 121/1301, time remaining: 20s
Rendered 122/1301, time remaining: 20s
Rendered 123/1301, time remaining: 20s
Rendered 124/1301, time remaining: 20s
Rendered 125/1301, time remaining: 20s
Rendered 126/1301, time remaining: 20s
Rendered 127/1301, time remaining: 20s
Rendered 128/1301, time remaining: 20s
Rendered 129/1301, time remaining: 20s
Rendered 130/1301, time remaining: 20s
Rendered 131/1301, time remaining: 20s
Rendered 132/1301, time remaining: 20s
Rendered 133/1301, time remaining: 20s
Rendered 134/1301, time remaining: 20s
Rendered 135/1301, time remaining: 20s
Rendered 136/1301, time remaining: 20s
Rendered 137/1301, time remaining: 20s
Rendered 138/1301, time remaining: 20s
Rendered 139/1301, time remaining: 20s
Rendered 140/1301, time remaining: 20s
Rendered 141/1301, time remaining: 20s
Rendered 142/1301, time remaining: 20s
Rendered 143/1301, time remaining: 20s
Rendered 144/1301, time remaining: 20s
Rendered 145/1301, time remaining: 20s
Rendered 146/1301, time remaining: 20s
Rendered 147/1301, time remaining: 20s
Rendered 148/1301, time remaining: 20s
Rendered 149/1301, time remaining: 20s
Rendered 150/1301, time remaining: 19s
Rendered 151/1301, time remaining: 19s
Rendered 152/1301, time remaining: 19s
Rendered 153/1301, time remaining: 19s
Rendered 154/1301, time remaining: 19s
Rendered 155/1301, time remaining: 19s
Rendered 156/1301, time remaining: 19s
Rendered 157/1301, time remaining: 19s
Rendered 158/1301, time remaining: 19s
Rendered 159/1301, time remaining: 19s
Rendered 160/1301, time remaining: 19s
Rendered 161/1301, time remaining: 19s
Rendered 162/1301, time remaining: 18s
Rendered 163/1301, time remaining: 18s
Rendered 164/1301, time remaining: 18s
Rendered 165/1301, time remaining: 18s
Rendered 166/1301, time remaining: 18s
Rendered 167/1301, time remaining: 18s
Rendered 168/1301, time remaining: 18s
Rendered 169/1301, time remaining: 18s
Rendered 170/1301, time remaining: 18s
Rendered 171/1301, time remaining: 18s
Rendered 172/1301, time remaining: 18s
Rendered 173/1301, time remaining: 18s
Rendered 174/1301, time remaining: 18s
Rendered 175/1301, time remaining: 18s
Rendered 176/1301, time remaining: 18s
Rendered 177/1301, time remaining: 18s
Rendered 178/1301, time remaining: 18s
Rendered 179/1301, time remaining: 18s
Rendered 180/1301, time remaining: 18s
Rendered 181/1301, time remaining: 18s
Rendered 182/1301, time remaining: 18s
Rendered 183/1301, time remaining: 18s
Rendered 184/1301, time remaining: 18s
Rendered 185/1301, time remaining: 18s
Rendered 186/1301, time remaining: 18s
Rendered 187/1301, time remaining: 18s
Rendered 188/1301, time remaining: 18s
Rendered 189/1301, time remaining: 18s
Rendered 190/1301, time remaining: 18s
Rendered 191/1301, time remaining: 18s
Rendered 192/1301, time remaining: 18s
Rendered 193/1301, time remaining: 18s
Rendered 194/1301, time remaining: 18s
Rendered 195/1301, time remaining: 18s
Rendered 196/1301, time remaining: 18s
Rendered 197/1301, time remaining: 18s
Rendered 198/1301, time remaining: 18s
Rendered 199/1301, time remaining: 18s
Rendered 200/1301, time remaining: 18s
Rendered 201/1301, time remaining: 18s
Rendered 202/1301, time remaining: 18s
Rendered 203/1301, time remaining: 18s
Rendered 204/1301, time remaining: 18s
Rendered 205/1301, time remaining: 18s
Rendered 206/1301, time remaining: 18s
Rendered 207/1301, time remaining: 18s
Rendered 208/1301, time remaining: 18s
Rendered 209/1301, time remaining: 18s
Rendered 210/1301, time remaining: 18s
Rendered 211/1301, time remaining: 18s
Rendered 212/1301, time remaining: 18s
Rendered 213/1301, time remaining: 18s
Rendered 214/1301, time remaining: 18s
Rendered 215/1301, time remaining: 18s
Rendered 216/1301, time remaining: 18s
Rendered 217/1301, time remaining: 18s
Rendered 218/1301, time remaining: 18s
Rendered 219/1301, time remaining: 18s
Rendered 220/1301, time remaining: 18s
Rendered 221/1301, time remaining: 17s
Rendered 222/1301, time remaining: 17s
Rendered 223/1301, time remaining: 17s
Rendered 224/1301, time remaining: 17s
Rendered 225/1301, time remaining: 17s
Rendered 226/1301, time remaining: 17s
Rendered 227/1301, time remaining: 17s
Rendered 228/1301, time remaining: 17s
Rendered 229/1301, time remaining: 17s
Rendered 230/1301, time remaining: 17s
Rendered 231/1301, time remaining: 17s
Rendered 232/1301, time remaining: 17s
Rendered 233/1301, time remaining: 17s
Rendered 234/1301, time remaining: 17s
Rendered 235/1301, time remaining: 17s
Rendered 236/1301, time remaining: 17s
Rendered 237/1301, time remaining: 17s
Rendered 238/1301, time remaining: 17s
Rendered 239/1301, time remaining: 17s
Rendered 240/1301, time remaining: 17s
Rendered 241/1301, time remaining: 17s
Rendered 242/1301, time remaining: 17s
Rendered 243/1301, time remaining: 17s
Rendered 244/1301, time remaining: 17s
Rendered 245/1301, time remaining: 17s
Rendered 246/1301, time remaining: 17s
Rendered 247/1301, time remaining: 17s
Rendered 248/1301, time remaining: 17s
Rendered 249/1301, time remaining: 17s
Rendered 250/1301, time remaining: 17s
Rendered 251/1301, time remaining: 17s
Rendered 252/1301, time remaining: 17s
Rendered 253/1301, time remaining: 17s
Rendered 254/1301, time remaining: 17s
Rendered 255/1301, time remaining: 17s
Rendered 256/1301, time remaining: 17s
Rendered 257/1301, time remaining: 17s
Rendered 258/1301, time remaining: 17s
Rendered 259/1301, time remaining: 17s
Rendered 260/1301, time remaining: 17s
Rendered 261/1301, time remaining: 17s
Rendered 262/1301, time remaining: 17s
Rendered 263/1301, time remaining: 17s
Rendered 264/1301, time remaining: 17s
Rendered 265/1301, time remaining: 17s
Rendered 266/1301, time remaining: 17s
Rendered 267/1301, time remaining: 17s
Rendered 268/1301, time remaining: 17s
Rendered 269/1301, time remaining: 17s
Rendered 270/1301, time remaining: 17s
Rendered 271/1301, time remaining: 17s
Rendered 272/1301, time remaining: 17s
Rendered 273/1301, time remaining: 17s
Rendered 274/1301, time remaining: 17s
Rendered 275/1301, time remaining: 17s
Rendered 276/1301, time remaining: 17s
Rendered 277/1301, time remaining: 17s
Rendered 278/1301, time remaining: 17s
Rendered 279/1301, time remaining: 17s
Rendered 280/1301, time remaining: 17s
Rendered 281/1301, time remaining: 17s
Rendered 282/1301, time remaining: 16s
Rendered 283/1301, time remaining: 16s
Rendered 284/1301, time remaining: 16s
Rendered 285/1301, time remaining: 16s
Rendered 286/1301, time remaining: 16s
Rendered 287/1301, time remaining: 16s
Rendered 288/1301, time remaining: 16s
Rendered 289/1301, time remaining: 16s
Rendered 290/1301, time remaining: 16s
Rendered 291/1301, time remaining: 16s
Rendered 292/1301, time remaining: 16s
Rendered 293/1301, time remaining: 16s
Rendered 294/1301, time remaining: 16s
Rendered 295/1301, time remaining: 16s
Rendered 296/1301, time remaining: 16s
Rendered 297/1301, time remaining: 16s
Rendered 298/1301, time remaining: 16s
Rendered 299/1301, time remaining: 16s
Rendered 300/1301, time remaining: 16s
Rendered 301/1301, time remaining: 16s
Rendered 302/1301, time remaining: 16s
Rendered 303/1301, time remaining: 16s
Rendered 304/1301, time remaining: 16s
Rendered 305/1301, time remaining: 16s
Rendered 306/1301, time remaining: 16s
Rendered 307/1301, time remaining: 16s
Rendered 308/1301, time remaining: 16s
Rendered 309/1301, time remaining: 16s
Rendered 310/1301, time remaining: 16s
Rendered 311/1301, time remaining: 16s
Rendered 312/1301, time remaining: 16s
Rendered 313/1301, time remaining: 16s
Rendered 314/1301, time remaining: 16s
Rendered 315/1301, time remaining: 16s
Rendered 316/1301, time remaining: 16s
Rendered 317/1301, time remaining: 16s
Rendered 318/1301, time remaining: 16s
Rendered 319/1301, time remaining: 16s
Rendered 320/1301, time remaining: 16s
Rendered 321/1301, time remaining: 16s
Rendered 322/1301, time remaining: 16s
Rendered 323/1301, time remaining: 16s
Rendered 324/1301, time remaining: 16s
Rendered 325/1301, time remaining: 16s
Rendered 326/1301, time remaining: 16s
Rendered 327/1301, time remaining: 16s
Rendered 328/1301, time remaining: 16s
Rendered 329/1301, time remaining: 16s
Rendered 330/1301, time remaining: 16s
Rendered 331/1301, time remaining: 16s
Rendered 332/1301, time remaining: 16s
Rendered 333/1301, time remaining: 16s
Rendered 334/1301, time remaining: 16s
Rendered 335/1301, time remaining: 16s
Rendered 336/1301, time remaining: 16s
Rendered 337/1301, time remaining: 16s
Rendered 338/1301, time remaining: 16s
Rendered 339/1301, time remaining: 16s
Rendered 340/1301, time remaining: 16s
Rendered 341/1301, time remaining: 16s
Rendered 342/1301, time remaining: 15s
Rendered 343/1301, time remaining: 15s
Rendered 344/1301, time remaining: 15s
Rendered 345/1301, time remaining: 15s
Rendered 346/1301, time remaining: 15s
Rendered 347/1301, time remaining: 15s
Rendered 348/1301, time remaining: 15s
Rendered 349/1301, time remaining: 15s
Rendered 350/1301, time remaining: 15s
Rendered 351/1301, time remaining: 15s
Rendered 352/1301, time remaining: 15s
Rendered 353/1301, time remaining: 15s
Rendered 354/1301, time remaining: 15s
Rendered 355/1301, time remaining: 15s
Rendered 356/1301, time remaining: 15s
Rendered 357/1301, time remaining: 15s
Rendered 358/1301, time remaining: 15s
Rendered 359/1301, time remaining: 15s
Rendered 360/1301, time remaining: 15s
Rendered 361/1301, time remaining: 15s
Rendered 362/1301, time remaining: 15s
Rendered 363/1301, time remaining: 15s
Rendered 364/1301, time remaining: 15s
Rendered 365/1301, time remaining: 15s
Rendered 366/1301, time remaining: 15s
Rendered 367/1301, time remaining: 15s
Rendered 368/1301, time remaining: 15s
Rendered 369/1301, time remaining: 15s
Rendered 370/1301, time remaining: 15s
Rendered 371/1301, time remaining: 15s
Rendered 372/1301, time remaining: 15s
Rendered 373/1301, time remaining: 15s
Rendered 374/1301, time remaining: 15s
Rendered 375/1301, time remaining: 15s
Rendered 376/1301, time remaining: 15s
Rendered 377/1301, time remaining: 15s
Rendered 378/1301, time remaining: 15s
Rendered 379/1301, time remaining: 15s
Rendered 380/1301, time remaining: 15s
Rendered 381/1301, time remaining: 15s
Rendered 382/1301, time remaining: 15s
Rendered 383/1301, time remaining: 15s
Rendered 384/1301, time remaining: 15s
Rendered 385/1301, time remaining: 15s
Rendered 386/1301, time remaining: 15s
Rendered 387/1301, time remaining: 15s
Rendered 388/1301, time remaining: 15s
Rendered 389/1301, time remaining: 15s
Rendered 390/1301, time remaining: 15s
Rendered 391/1301, time remaining: 15s
Rendered 392/1301, time remaining: 15s
Rendered 393/1301, time remaining: 15s
Rendered 394/1301, time remaining: 15s
Rendered 395/1301, time remaining: 15s
Rendered 396/1301, time remaining: 15s
Rendered 397/1301, time remaining: 15s
Rendered 398/1301, time remaining: 15s
Rendered 399/1301, time remaining: 15s
Rendered 400/1301, time remaining: 15s
Rendered 401/1301, time remaining: 15s
Rendered 402/1301, time remaining: 15s
Rendered 403/1301, time remaining: 15s
Rendered 404/1301, time remaining: 15s
Rendered 405/1301, time remaining: 14s
Rendered 406/1301, time remaining: 14s
Rendered 407/1301, time remaining: 15s
Rendered 408/1301, time remaining: 14s
Rendered 409/1301, time remaining: 14s
Rendered 410/1301, time remaining: 14s
Rendered 411/1301, time remaining: 14s
Rendered 412/1301, time remaining: 14s
Rendered 413/1301, time remaining: 14s
Rendered 414/1301, time remaining: 14s
Rendered 415/1301, time remaining: 14s
Rendered 416/1301, time remaining: 14s
Rendered 417/1301, time remaining: 14s
Rendered 418/1301, time remaining: 14s
Rendered 419/1301, time remaining: 14s
Rendered 420/1301, time remaining: 14s
Rendered 421/1301, time remaining: 14s
Rendered 422/1301, time remaining: 14s
Rendered 423/1301, time remaining: 14s
Rendered 424/1301, time remaining: 14s
Rendered 425/1301, time remaining: 14s
Rendered 426/1301, time remaining: 14s
Rendered 427/1301, time remaining: 14s
Rendered 428/1301, time remaining: 14s
Rendered 429/1301, time remaining: 14s
Rendered 430/1301, time remaining: 14s
Rendered 431/1301, time remaining: 14s
Rendered 432/1301, time remaining: 14s
Rendered 433/1301, time remaining: 14s
Rendered 434/1301, time remaining: 14s
Rendered 435/1301, time remaining: 14s
Rendered 436/1301, time remaining: 14s
Rendered 437/1301, time remaining: 14s
Rendered 438/1301, time remaining: 14s
Rendered 439/1301, time remaining: 14s
Rendered 440/1301, time remaining: 14s
Rendered 441/1301, time remaining: 14s
Rendered 442/1301, time remaining: 14s
Rendered 443/1301, time remaining: 14s
Rendered 444/1301, time remaining: 14s
Rendered 445/1301, time remaining: 14s
Rendered 446/1301, time remaining: 14s
Rendered 447/1301, time remaining: 14s
Rendered 448/1301, time remaining: 14s
Rendered 449/1301, time remaining: 14s
Rendered 450/1301, time remaining: 14s
Rendered 451/1301, time remaining: 14s
Rendered 452/1301, time remaining: 14s
Rendered 453/1301, time remaining: 14s
Rendered 454/1301, time remaining: 14s
Rendered 455/1301, time remaining: 14s
Rendered 456/1301, time remaining: 14s
Rendered 457/1301, time remaining: 14s
Rendered 458/1301, time remaining: 14s
Rendered 459/1301, time remaining: 14s
Rendered 460/1301, time remaining: 14s
Rendered 461/1301, time remaining: 14s
Rendered 462/1301, time remaining: 14s
Rendered 463/1301, time remaining: 14s
Rendered 464/1301, time remaining: 14s
Rendered 465/1301, time remaining: 14s
Rendered 466/1301, time remaining: 14s
Rendered 467/1301, time remaining: 14s
Rendered 468/1301, time remaining: 14s
Rendered 469/1301, time remaining: 14s
Rendered 470/1301, time remaining: 14s
Rendered 471/1301, time remaining: 14s
Rendered 472/1301, time remaining: 14s
Rendered 473/1301, time remaining: 13s
Rendered 474/1301, time remaining: 14s
Rendered 475/1301, time remaining: 13s
Rendered 476/1301, time remaining: 14s
Rendered 477/1301, time remaining: 13s
Rendered 478/1301, time remaining: 13s
Rendered 479/1301, time remaining: 13s
Rendered 480/1301, time remaining: 13s
Rendered 481/1301, time remaining: 13s
Rendered 482/1301, time remaining: 13s
Rendered 483/1301, time remaining: 13s
Rendered 484/1301, time remaining: 13s
Rendered 485/1301, time remaining: 13s
Rendered 486/1301, time remaining: 13s
Rendered 487/1301, time remaining: 13s
Rendered 488/1301, time remaining: 13s
Rendered 489/1301, time remaining: 13s
Rendered 490/1301, time remaining: 13s
Rendered 491/1301, time remaining: 13s
Rendered 492/1301, time remaining: 13s
Rendered 493/1301, time remaining: 13s
Rendered 494/1301, time remaining: 13s
Rendered 495/1301, time remaining: 13s
Rendered 496/1301, time remaining: 13s
Rendered 497/1301, time remaining: 13s
Rendered 498/1301, time remaining: 13s
Rendered 499/1301, time remaining: 13s
Rendered 500/1301, time remaining: 13s
Rendered 501/1301, time remaining: 13s
Rendered 502/1301, time remaining: 13s
Rendered 503/1301, time remaining: 13s
Rendered 504/1301, time remaining: 13s
Rendered 505/1301, time remaining: 13s
Rendered 506/1301, time remaining: 13s
Rendered 507/1301, time remaining: 13s
Rendered 508/1301, time remaining: 13s
Rendered 509/1301, time remaining: 13s
Rendered 510/1301, time remaining: 13s
Rendered 511/1301, time remaining: 13s
Rendered 512/1301, time remaining: 13s
Rendered 513/1301, time remaining: 13s
Rendered 514/1301, time remaining: 13s
Rendered 515/1301, time remaining: 13s
Rendered 516/1301, time remaining: 13s
Rendered 517/1301, time remaining: 13s
Rendered 518/1301, time remaining: 13s
Rendered 519/1301, time remaining: 13s
Rendered 520/1301, time remaining: 13s
Rendered 521/1301, time remaining: 13s
Rendered 522/1301, time remaining: 13s
Rendered 523/1301, time remaining: 13s
Rendered 524/1301, time remaining: 13s
Rendered 525/1301, time remaining: 13s
Rendered 526/1301, time remaining: 13s
Rendered 527/1301, time remaining: 13s
Rendered 528/1301, time remaining: 13s
Rendered 529/1301, time remaining: 13s
Rendered 530/1301, time remaining: 13s
Rendered 531/1301, time remaining: 13s
Rendered 532/1301, time remaining: 13s
Rendered 533/1301, time remaining: 12s
Rendered 534/1301, time remaining: 13s
Rendered 535/1301, time remaining: 12s
Rendered 536/1301, time remaining: 13s
Rendered 537/1301, time remaining: 12s
Rendered 538/1301, time remaining: 12s
Rendered 539/1301, time remaining: 12s
Rendered 540/1301, time remaining: 12s
Rendered 541/1301, time remaining: 12s
Rendered 542/1301, time remaining: 12s
Rendered 543/1301, time remaining: 12s
Rendered 544/1301, time remaining: 12s
Rendered 545/1301, time remaining: 12s
Rendered 546/1301, time remaining: 12s
Rendered 547/1301, time remaining: 12s
Rendered 548/1301, time remaining: 12s
Rendered 549/1301, time remaining: 12s
Rendered 550/1301, time remaining: 12s
Rendered 551/1301, time remaining: 12s
Rendered 552/1301, time remaining: 12s
Rendered 553/1301, time remaining: 12s
Rendered 554/1301, time remaining: 12s
Rendered 555/1301, time remaining: 12s
Rendered 556/1301, time remaining: 12s
Rendered 557/1301, time remaining: 12s
Rendered 558/1301, time remaining: 12s
Rendered 559/1301, time remaining: 12s
Rendered 560/1301, time remaining: 12s
Rendered 561/1301, time remaining: 12s
Rendered 562/1301, time remaining: 12s
Rendered 563/1301, time remaining: 12s
Rendered 564/1301, time remaining: 12s
Rendered 565/1301, time remaining: 12s
Rendered 566/1301, time remaining: 12s
Rendered 567/1301, time remaining: 12s
Rendered 568/1301, time remaining: 12s
Rendered 569/1301, time remaining: 12s
Rendered 570/1301, time remaining: 12s
Rendered 571/1301, time remaining: 12s
Rendered 572/1301, time remaining: 12s
Rendered 573/1301, time remaining: 12s
Rendered 574/1301, time remaining: 12s
Rendered 575/1301, time remaining: 12s
Rendered 576/1301, time remaining: 12s
Rendered 577/1301, time remaining: 12s
Rendered 578/1301, time remaining: 12s
Rendered 579/1301, time remaining: 12s
Rendered 580/1301, time remaining: 12s
Rendered 581/1301, time remaining: 12s
Rendered 582/1301, time remaining: 12s
Rendered 583/1301, time remaining: 12s
Rendered 584/1301, time remaining: 12s
Rendered 585/1301, time remaining: 12s
Rendered 586/1301, time remaining: 12s
Rendered 587/1301, time remaining: 12s
Rendered 588/1301, time remaining: 12s
Rendered 589/1301, time remaining: 12s
Rendered 590/1301, time remaining: 12s
Rendered 591/1301, time remaining: 11s
Rendered 592/1301, time remaining: 12s
Rendered 593/1301, time remaining: 11s
Rendered 594/1301, time remaining: 12s
Rendered 595/1301, time remaining: 11s
Rendered 596/1301, time remaining: 11s
Rendered 597/1301, time remaining: 11s
Rendered 598/1301, time remaining: 11s
Rendered 599/1301, time remaining: 11s
Rendered 600/1301, time remaining: 11s
Rendered 601/1301, time remaining: 11s
Rendered 602/1301, time remaining: 11s
Rendered 603/1301, time remaining: 11s
Rendered 604/1301, time remaining: 11s
Rendered 605/1301, time remaining: 11s
Rendered 606/1301, time remaining: 11s
Rendered 607/1301, time remaining: 11s
Rendered 608/1301, time remaining: 11s
Rendered 609/1301, time remaining: 11s
Rendered 610/1301, time remaining: 11s
Rendered 611/1301, time remaining: 11s
Rendered 612/1301, time remaining: 11s
Rendered 613/1301, time remaining: 11s
Rendered 614/1301, time remaining: 11s
Rendered 615/1301, time remaining: 11s
Rendered 616/1301, time remaining: 11s
Rendered 617/1301, time remaining: 11s
Rendered 618/1301, time remaining: 11s
Rendered 619/1301, time remaining: 11s
Rendered 620/1301, time remaining: 11s
Rendered 621/1301, time remaining: 11s
Rendered 622/1301, time remaining: 11s
Rendered 623/1301, time remaining: 11s
Rendered 624/1301, time remaining: 11s
Rendered 625/1301, time remaining: 11s
Rendered 626/1301, time remaining: 11s
Rendered 627/1301, time remaining: 11s
Rendered 628/1301, time remaining: 11s
Rendered 629/1301, time remaining: 11s
Rendered 630/1301, time remaining: 11s
Rendered 631/1301, time remaining: 11s
Rendered 632/1301, time remaining: 11s
Rendered 633/1301, time remaining: 11s
Rendered 634/1301, time remaining: 11s
Rendered 635/1301, time remaining: 11s
Rendered 636/1301, time remaining: 11s
Rendered 637/1301, time remaining: 11s
Rendered 638/1301, time remaining: 11s
Rendered 639/1301, time remaining: 11s
Rendered 640/1301, time remaining: 11s
Rendered 641/1301, time remaining: 11s
Rendered 642/1301, time remaining: 11s
Rendered 643/1301, time remaining: 11s
Rendered 644/1301, time remaining: 11s
Rendered 645/1301, time remaining: 11s
Rendered 646/1301, time remaining: 11s
Rendered 647/1301, time remaining: 11s
Rendered 648/1301, time remaining: 11s
Rendered 649/1301, time remaining: 11s
Rendered 650/1301, time remaining: 11s
Rendered 651/1301, time remaining: 11s
Rendered 652/1301, time remaining: 11s
Rendered 653/1301, time remaining: 11s
Rendered 654/1301, time remaining: 11s
Rendered 655/1301, time remaining: 11s
Rendered 656/1301, time remaining: 11s
Rendered 657/1301, time remaining: 11s
Rendered 658/1301, time remaining: 11s
Rendered 659/1301, time remaining: 11s
Rendered 660/1301, time remaining: 11s
Rendered 661/1301, time remaining: 10s
Rendered 662/1301, time remaining: 10s
Rendered 663/1301, time remaining: 10s
Rendered 664/1301, time remaining: 10s
Rendered 665/1301, time remaining: 10s
Rendered 666/1301, time remaining: 10s
Rendered 667/1301, time remaining: 10s
Rendered 668/1301, time remaining: 10s
Rendered 669/1301, time remaining: 10s
Rendered 670/1301, time remaining: 10s
Rendered 671/1301, time remaining: 10s
Rendered 672/1301, time remaining: 10s
Rendered 673/1301, time remaining: 10s
Rendered 674/1301, time remaining: 10s
Rendered 675/1301, time remaining: 10s
Rendered 676/1301, time remaining: 10s
Rendered 677/1301, time remaining: 10s
Rendered 678/1301, time remaining: 10s
Rendered 679/1301, time remaining: 10s
Rendered 680/1301, time remaining: 10s
Rendered 681/1301, time remaining: 10s
Rendered 682/1301, time remaining: 10s
Rendered 683/1301, time remaining: 10s
Rendered 684/1301, time remaining: 10s
Rendered 685/1301, time remaining: 10s
Rendered 686/1301, time remaining: 10s
Rendered 687/1301, time remaining: 10s
Rendered 688/1301, time remaining: 10s
Rendered 689/1301, time remaining: 10s
Rendered 690/1301, time remaining: 10s
Rendered 691/1301, time remaining: 10s
Rendered 692/1301, time remaining: 10s
Rendered 693/1301, time remaining: 10s
Rendered 694/1301, time remaining: 10s
Rendered 695/1301, time remaining: 10s
Rendered 696/1301, time remaining: 10s
Rendered 697/1301, time remaining: 10s
Rendered 698/1301, time remaining: 10s
Rendered 699/1301, time remaining: 10s
Rendered 700/1301, time remaining: 10s
Rendered 701/1301, time remaining: 10s
Rendered 702/1301, time remaining: 10s
Rendered 703/1301, time remaining: 10s
Rendered 704/1301, time remaining: 10s
Rendered 705/1301, time remaining: 10s
Rendered 706/1301, time remaining: 10s
Rendered 707/1301, time remaining: 10s
Rendered 708/1301, time remaining: 10s
Rendered 709/1301, time remaining: 10s
Rendered 710/1301, time remaining: 10s
Rendered 711/1301, time remaining: 10s
Rendered 712/1301, time remaining: 10s
Rendered 713/1301, time remaining: 10s
Rendered 714/1301, time remaining: 10s
Rendered 715/1301, time remaining: 10s
Rendered 716/1301, time remaining: 10s
Rendered 717/1301, time remaining: 10s
Rendered 718/1301, time remaining: 10s
Rendered 719/1301, time remaining: 10s
Rendered 720/1301, time remaining: 10s
Rendered 721/1301, time remaining: 10s
Rendered 722/1301, time remaining: 9s
Rendered 723/1301, time remaining: 9s
Rendered 724/1301, time remaining: 9s
Rendered 725/1301, time remaining: 9s
Rendered 726/1301, time remaining: 9s
Rendered 727/1301, time remaining: 9s
Rendered 728/1301, time remaining: 9s
Rendered 729/1301, time remaining: 9s
Rendered 730/1301, time remaining: 9s
Rendered 731/1301, time remaining: 9s
Rendered 732/1301, time remaining: 9s
Rendered 733/1301, time remaining: 9s
Rendered 734/1301, time remaining: 9s
Rendered 735/1301, time remaining: 9s
Rendered 736/1301, time remaining: 9s
Rendered 737/1301, time remaining: 9s
Rendered 738/1301, time remaining: 9s
Rendered 739/1301, time remaining: 9s
Rendered 740/1301, time remaining: 9s
Rendered 741/1301, time remaining: 9s
Rendered 742/1301, time remaining: 9s
Rendered 743/1301, time remaining: 9s
Rendered 744/1301, time remaining: 9s
Rendered 745/1301, time remaining: 9s
Rendered 746/1301, time remaining: 9s
Rendered 747/1301, time remaining: 9s
Rendered 748/1301, time remaining: 9s
Rendered 749/1301, time remaining: 9s
Rendered 750/1301, time remaining: 9s
Rendered 751/1301, time remaining: 9s
Rendered 752/1301, time remaining: 9s
Rendered 753/1301, time remaining: 9s
Rendered 754/1301, time remaining: 9s
Rendered 755/1301, time remaining: 9s
Rendered 756/1301, time remaining: 9s
Rendered 757/1301, time remaining: 9s
Rendered 758/1301, time remaining: 9s
Rendered 759/1301, time remaining: 9s
Rendered 760/1301, time remaining: 9s
Rendered 761/1301, time remaining: 9s
Rendered 762/1301, time remaining: 9s
Rendered 763/1301, time remaining: 9s
Rendered 764/1301, time remaining: 9s
Rendered 765/1301, time remaining: 9s
Rendered 766/1301, time remaining: 9s
Rendered 767/1301, time remaining: 9s
Rendered 768/1301, time remaining: 9s
Rendered 769/1301, time remaining: 9s
Rendered 770/1301, time remaining: 9s
Rendered 771/1301, time remaining: 9s
Rendered 772/1301, time remaining: 9s
Rendered 773/1301, time remaining: 9s
Rendered 774/1301, time remaining: 9s
Rendered 775/1301, time remaining: 9s
Rendered 776/1301, time remaining: 9s
Rendered 777/1301, time remaining: 9s
Rendered 778/1301, time remaining: 9s
Rendered 779/1301, time remaining: 9s
Rendered 780/1301, time remaining: 9s
Rendered 781/1301, time remaining: 9s
Rendered 782/1301, time remaining: 9s
Rendered 783/1301, time remaining: 9s
Rendered 784/1301, time remaining: 9s
Rendered 785/1301, time remaining: 9s
Rendered 786/1301, time remaining: 8s
Rendered 787/1301, time remaining: 8s
Rendered 788/1301, time remaining: 8s
Rendered 789/1301, time remaining: 8s
Rendered 790/1301, time remaining: 8s
Rendered 791/1301, time remaining: 8s
Rendered 792/1301, time remaining: 8s
Rendered 793/1301, time remaining: 8s
Rendered 794/1301, time remaining: 8s
Rendered 795/1301, time remaining: 8s
Rendered 796/1301, time remaining: 8s
Rendered 797/1301, time remaining: 8s
Rendered 798/1301, time remaining: 8s
Rendered 799/1301, time remaining: 8s
Rendered 800/1301, time remaining: 8s
Rendered 801/1301, time remaining: 8s
Rendered 802/1301, time remaining: 8s
Rendered 803/1301, time remaining: 8s
Rendered 804/1301, time remaining: 8s
Rendered 805/1301, time remaining: 8s
Rendered 806/1301, time remaining: 8s
Rendered 807/1301, time remaining: 8s
Rendered 808/1301, time remaining: 8s
Rendered 809/1301, time remaining: 8s
Rendered 810/1301, time remaining: 8s
Rendered 811/1301, time remaining: 8s
Rendered 812/1301, time remaining: 8s
Rendered 813/1301, time remaining: 8s
Rendered 814/1301, time remaining: 8s
Rendered 815/1301, time remaining: 8s
Rendered 816/1301, time remaining: 8s
Rendered 817/1301, time remaining: 8s
Rendered 818/1301, time remaining: 8s
Rendered 819/1301, time remaining: 8s
Rendered 820/1301, time remaining: 8s
Rendered 821/1301, time remaining: 8s
Rendered 822/1301, time remaining: 8s
Rendered 823/1301, time remaining: 8s
Rendered 824/1301, time remaining: 8s
Rendered 825/1301, time remaining: 8s
Rendered 826/1301, time remaining: 8s
Rendered 827/1301, time remaining: 8s
Rendered 828/1301, time remaining: 8s
Rendered 829/1301, time remaining: 8s
Rendered 830/1301, time remaining: 8s
Rendered 831/1301, time remaining: 8s
Rendered 832/1301, time remaining: 8s
Rendered 833/1301, time remaining: 8s
Rendered 834/1301, time remaining: 8s
Rendered 835/1301, time remaining: 8s
Rendered 836/1301, time remaining: 8s
Rendered 837/1301, time remaining: 8s
Rendered 838/1301, time remaining: 8s
Rendered 839/1301, time remaining: 8s
Rendered 840/1301, time remaining: 8s
Rendered 841/1301, time remaining: 8s
Rendered 842/1301, time remaining: 8s
Rendered 843/1301, time remaining: 8s
Rendered 844/1301, time remaining: 8s
Rendered 845/1301, time remaining: 8s
Rendered 846/1301, time remaining: 8s
Rendered 847/1301, time remaining: 7s
Rendered 848/1301, time remaining: 7s
Rendered 849/1301, time remaining: 7s
Rendered 850/1301, time remaining: 7s
Rendered 851/1301, time remaining: 7s
Rendered 852/1301, time remaining: 7s
Rendered 853/1301, time remaining: 7s
Rendered 854/1301, time remaining: 7s
Rendered 855/1301, time remaining: 7s
Rendered 856/1301, time remaining: 7s
Rendered 857/1301, time remaining: 7s
Rendered 858/1301, time remaining: 7s
Rendered 859/1301, time remaining: 7s
Rendered 860/1301, time remaining: 7s
Rendered 861/1301, time remaining: 7s
Rendered 862/1301, time remaining: 7s
Rendered 863/1301, time remaining: 7s
Rendered 864/1301, time remaining: 7s
Rendered 865/1301, time remaining: 7s
Rendered 866/1301, time remaining: 7s
Rendered 867/1301, time remaining: 7s
Rendered 868/1301, time remaining: 7s
Rendered 869/1301, time remaining: 7s
Rendered 870/1301, time remaining: 7s
Rendered 871/1301, time remaining: 7s
Rendered 872/1301, time remaining: 7s
Rendered 873/1301, time remaining: 7s
Rendered 874/1301, time remaining: 7s
Rendered 875/1301, time remaining: 7s
Rendered 876/1301, time remaining: 7s
Rendered 877/1301, time remaining: 7s
Rendered 878/1301, time remaining: 7s
Rendered 879/1301, time remaining: 7s
Rendered 880/1301, time remaining: 7s
Rendered 881/1301, time remaining: 7s
Rendered 882/1301, time remaining: 7s
Rendered 883/1301, time remaining: 7s
Rendered 884/1301, time remaining: 7s
Rendered 885/1301, time remaining: 7s
Rendered 886/1301, time remaining: 7s
Rendered 887/1301, time remaining: 7s
Rendered 888/1301, time remaining: 7s
Rendered 889/1301, time remaining: 7s
Rendered 890/1301, time remaining: 7s
Rendered 891/1301, time remaining: 7s
Rendered 892/1301, time remaining: 7s
Rendered 893/1301, time remaining: 7s
Rendered 894/1301, time remaining: 7s
Rendered 895/1301, time remaining: 7s
Rendered 896/1301, time remaining: 6s
Rendered 897/1301, time remaining: 7s
Rendered 898/1301, time remaining: 6s
Rendered 899/1301, time remaining: 7s
Rendered 900/1301, time remaining: 6s
Rendered 901/1301, time remaining: 6s
Rendered 902/1301, time remaining: 6s
Rendered 903/1301, time remaining: 6s
Rendered 904/1301, time remaining: 6s
Rendered 905/1301, time remaining: 6s
Rendered 906/1301, time remaining: 6s
Rendered 907/1301, time remaining: 6s
Rendered 908/1301, time remaining: 6s
Rendered 909/1301, time remaining: 6s
Rendered 910/1301, time remaining: 6s
Rendered 911/1301, time remaining: 6s
Rendered 912/1301, time remaining: 6s
Rendered 913/1301, time remaining: 6s
Rendered 914/1301, time remaining: 6s
Rendered 915/1301, time remaining: 6s
Rendered 916/1301, time remaining: 6s
Rendered 917/1301, time remaining: 6s
Rendered 918/1301, time remaining: 6s
Rendered 919/1301, time remaining: 6s
Rendered 920/1301, time remaining: 6s
Rendered 921/1301, time remaining: 6s
Rendered 922/1301, time remaining: 6s
Rendered 923/1301, time remaining: 6s
Rendered 924/1301, time remaining: 6s
Rendered 925/1301, time remaining: 6s
Rendered 926/1301, time remaining: 6s
Rendered 927/1301, time remaining: 6s
Rendered 928/1301, time remaining: 6s
Rendered 929/1301, time remaining: 6s
Rendered 930/1301, time remaining: 6s
Rendered 931/1301, time remaining: 6s
Rendered 932/1301, time remaining: 6s
Rendered 933/1301, time remaining: 6s
Rendered 934/1301, time remaining: 6s
Rendered 935/1301, time remaining: 6s
Rendered 936/1301, time remaining: 6s
Rendered 937/1301, time remaining: 6s
Rendered 938/1301, time remaining: 6s
Rendered 939/1301, time remaining: 6s
Rendered 940/1301, time remaining: 6s
Rendered 941/1301, time remaining: 6s
Rendered 942/1301, time remaining: 6s
Rendered 943/1301, time remaining: 6s
Rendered 944/1301, time remaining: 6s
Rendered 945/1301, time remaining: 6s
Rendered 946/1301, time remaining: 6s
Rendered 947/1301, time remaining: 6s
Rendered 948/1301, time remaining: 6s
Rendered 949/1301, time remaining: 6s
Rendered 950/1301, time remaining: 6s
Rendered 951/1301, time remaining: 6s
Rendered 952/1301, time remaining: 6s
Rendered 953/1301, time remaining: 6s
Rendered 954/1301, time remaining: 6s
Rendered 955/1301, time remaining: 6s
Rendered 956/1301, time remaining: 6s
Rendered 957/1301, time remaining: 6s
Rendered 958/1301, time remaining: 6s
Rendered 959/1301, time remaining: 6s
Rendered 960/1301, time remaining: 6s
Rendered 961/1301, time remaining: 6s
Rendered 962/1301, time remaining: 5s
Rendered 963/1301, time remaining: 5s
Rendered 964/1301, time remaining: 5s
Rendered 965/1301, time remaining: 5s
Rendered 966/1301, time remaining: 5s
Rendered 967/1301, time remaining: 5s
Rendered 968/1301, time remaining: 5s
Rendered 969/1301, time remaining: 5s
Rendered 970/1301, time remaining: 5s
Rendered 971/1301, time remaining: 5s
Rendered 972/1301, time remaining: 5s
Rendered 973/1301, time remaining: 5s
Rendered 974/1301, time remaining: 5s
Rendered 975/1301, time remaining: 5s
Rendered 976/1301, time remaining: 5s
Rendered 977/1301, time remaining: 5s
Rendered 978/1301, time remaining: 5s
Rendered 979/1301, time remaining: 5s
Rendered 980/1301, time remaining: 5s
Rendered 981/1301, time remaining: 5s
Rendered 982/1301, time remaining: 5s
Rendered 983/1301, time remaining: 5s
Rendered 984/1301, time remaining: 5s
Rendered 985/1301, time remaining: 5s
Rendered 986/1301, time remaining: 5s
Rendered 987/1301, time remaining: 5s
Rendered 988/1301, time remaining: 5s
Rendered 989/1301, time remaining: 5s
Rendered 990/1301, time remaining: 5s
Rendered 991/1301, time remaining: 5s
Rendered 992/1301, time remaining: 5s
Rendered 993/1301, time remaining: 5s
Rendered 994/1301, time remaining: 5s
Rendered 995/1301, time remaining: 5s
Rendered 996/1301, time remaining: 5s
Rendered 997/1301, time remaining: 5s
Rendered 998/1301, time remaining: 5s
Rendered 999/1301, time remaining: 5s
Rendered 1000/1301, time remaining: 5s
Rendered 1001/1301, time remaining: 5s
Rendered 1002/1301, time remaining: 5s
Rendered 1003/1301, time remaining: 5s
Rendered 1004/1301, time remaining: 5s
Rendered 1005/1301, time remaining: 5s
Rendered 1006/1301, time remaining: 5s
Rendered 1007/1301, time remaining: 5s
Rendered 1008/1301, time remaining: 5s
Rendered 1009/1301, time remaining: 5s
Rendered 1010/1301, time remaining: 5s
Rendered 1011/1301, time remaining: 5s
Rendered 1012/1301, time remaining: 5s
Rendered 1013/1301, time remaining: 5s
Rendered 1014/1301, time remaining: 5s
Rendered 1015/1301, time remaining: 5s
Rendered 1016/1301, time remaining: 5s
Rendered 1017/1301, time remaining: 4s
Rendered 1018/1301, time remaining: 4s
Rendered 1019/1301, time remaining: 4s
Rendered 1020/1301, time remaining: 4s
Rendered 1021/1301, time remaining: 4s
Rendered 1022/1301, time remaining: 4s
Rendered 1023/1301, time remaining: 4s
Rendered 1024/1301, time remaining: 4s
Rendered 1025/1301, time remaining: 4s
Rendered 1026/1301, time remaining: 4s
Rendered 1027/1301, time remaining: 4s
Rendered 1028/1301, time remaining: 4s
Rendered 1029/1301, time remaining: 4s
Rendered 1030/1301, time remaining: 4s
Rendered 1031/1301, time remaining: 4s
Rendered 1032/1301, time remaining: 4s
Rendered 1033/1301, time remaining: 4s
Rendered 1034/1301, time remaining: 4s
Rendered 1035/1301, time remaining: 4s
Rendered 1036/1301, time remaining: 4s
Rendered 1037/1301, time remaining: 4s
Rendered 1038/1301, time remaining: 4s
Rendered 1039/1301, time remaining: 4s
Rendered 1040/1301, time remaining: 4s
Rendered 1041/1301, time remaining: 4s
Rendered 1042/1301, time remaining: 4s
Rendered 1043/1301, time remaining: 4s
Rendered 1044/1301, time remaining: 4s
Rendered 1045/1301, time remaining: 4s
Rendered 1046/1301, time remaining: 4s
Rendered 1047/1301, time remaining: 4s
Rendered 1048/1301, time remaining: 4s
Rendered 1049/1301, time remaining: 4s
Rendered 1050/1301, time remaining: 4s
Rendered 1051/1301, time remaining: 4s
Rendered 1052/1301, time remaining: 4s
Rendered 1053/1301, time remaining: 4s
Rendered 1054/1301, time remaining: 4s
Rendered 1055/1301, time remaining: 4s
Rendered 1056/1301, time remaining: 4s
Rendered 1057/1301, time remaining: 4s
Rendered 1058/1301, time remaining: 4s
Rendered 1059/1301, time remaining: 4s
Rendered 1060/1301, time remaining: 4s
Rendered 1061/1301, time remaining: 4s
Rendered 1062/1301, time remaining: 4s
Rendered 1063/1301, time remaining: 4s
Rendered 1064/1301, time remaining: 4s
Rendered 1065/1301, time remaining: 4s
Rendered 1066/1301, time remaining: 4s
Rendered 1067/1301, time remaining: 3s
Rendered 1068/1301, time remaining: 3s
Rendered 1069/1301, time remaining: 3s
Rendered 1070/1301, time remaining: 3s
Rendered 1071/1301, time remaining: 3s
Rendered 1072/1301, time remaining: 3s
Rendered 1073/1301, time remaining: 3s
Rendered 1074/1301, time remaining: 3s
Rendered 1075/1301, time remaining: 3s
Rendered 1076/1301, time remaining: 3s
Rendered 1077/1301, time remaining: 3s
Rendered 1078/1301, time remaining: 3s
Rendered 1079/1301, time remaining: 3s
Rendered 1080/1301, time remaining: 3s
Rendered 1081/1301, time remaining: 3s
Rendered 1082/1301, time remaining: 3s
Rendered 1083/1301, time remaining: 3s
Rendered 1084/1301, time remaining: 3s
Rendered 1085/1301, time remaining: 3s
Rendered 1086/1301, time remaining: 3s
Rendered 1087/1301, time remaining: 3s
Rendered 1088/1301, time remaining: 3s
Rendered 1089/1301, time remaining: 3s
Rendered 1090/1301, time remaining: 3s
Rendered 1091/1301, time remaining: 3s
Rendered 1092/1301, time remaining: 3s
Rendered 1093/1301, time remaining: 3s
Rendered 1094/1301, time remaining: 3s
Rendered 1095/1301, time remaining: 3s
Rendered 1096/1301, time remaining: 3s
Rendered 1097/1301, time remaining: 3s
Rendered 1098/1301, time remaining: 3s
Rendered 1099/1301, time remaining: 3s
Rendered 1100/1301, time remaining: 3s
Rendered 1101/1301, time remaining: 3s
Rendered 1102/1301, time remaining: 3s
Rendered 1103/1301, time remaining: 3s
Rendered 1104/1301, time remaining: 3s
Rendered 1105/1301, time remaining: 3s
Rendered 1106/1301, time remaining: 3s
Rendered 1107/1301, time remaining: 3s
Rendered 1108/1301, time remaining: 3s
Rendered 1109/1301, time remaining: 3s
Rendered 1110/1301, time remaining: 3s
Rendered 1111/1301, time remaining: 3s
Rendered 1112/1301, time remaining: 3s
Rendered 1113/1301, time remaining: 3s
Rendered 1114/1301, time remaining: 3s
Rendered 1115/1301, time remaining: 3s
Rendered 1116/1301, time remaining: 3s
Rendered 1117/1301, time remaining: 3s
Rendered 1118/1301, time remaining: 3s
Rendered 1119/1301, time remaining: 3s
Rendered 1120/1301, time remaining: 3s
Rendered 1121/1301, time remaining: 3s
Rendered 1122/1301, time remaining: 3s
Rendered 1123/1301, time remaining: 3s
Rendered 1124/1301, time remaining: 3s
Rendered 1125/1301, time remaining: 3s
Rendered 1126/1301, time remaining: 3s
Rendered 1127/1301, time remaining: 3s
Rendered 1128/1301, time remaining: 3s
Rendered 1129/1301, time remaining: 3s
Rendered 1130/1301, time remaining: 2s
Rendered 1131/1301, time remaining: 2s
Rendered 1132/1301, time remaining: 2s
Rendered 1133/1301, time remaining: 2s
Rendered 1134/1301, time remaining: 2s
Rendered 1135/1301, time remaining: 2s
Rendered 1136/1301, time remaining: 2s
Rendered 1137/1301, time remaining: 2s
Rendered 1138/1301, time remaining: 2s
Rendered 1139/1301, time remaining: 2s
Rendered 1140/1301, time remaining: 2s
Rendered 1141/1301, time remaining: 2s
Rendered 1142/1301, time remaining: 2s
Rendered 1143/1301, time remaining: 2s
Rendered 1144/1301, time remaining: 2s
Rendered 1145/1301, time remaining: 2s
Rendered 1146/1301, time remaining: 2s
Rendered 1147/1301, time remaining: 2s
Rendered 1148/1301, time remaining: 2s
Rendered 1149/1301, time remaining: 2s
Rendered 1150/1301, time remaining: 2s
Rendered 1151/1301, time remaining: 2s
Rendered 1152/1301, time remaining: 2s
Rendered 1153/1301, time remaining: 2s
Rendered 1154/1301, time remaining: 2s
Rendered 1155/1301, time remaining: 2s
Rendered 1156/1301, time remaining: 2s
Rendered 1157/1301, time remaining: 2s
Rendered 1158/1301, time remaining: 2s
Rendered 1159/1301, time remaining: 2s
Rendered 1160/1301, time remaining: 2s
Rendered 1161/1301, time remaining: 2s
Rendered 1162/1301, time remaining: 2s
Rendered 1163/1301, time remaining: 2s
Rendered 1164/1301, time remaining: 2s
Rendered 1165/1301, time remaining: 2s
Rendered 1166/1301, time remaining: 2s
Rendered 1167/1301, time remaining: 2s
Rendered 1168/1301, time remaining: 2s
Rendered 1169/1301, time remaining: 2s
Rendered 1170/1301, time remaining: 2s
Rendered 1171/1301, time remaining: 2s
Rendered 1172/1301, time remaining: 2s
Rendered 1173/1301, time remaining: 2s
Rendered 1174/1301, time remaining: 2s
Rendered 1175/1301, time remaining: 2s
Rendered 1176/1301, time remaining: 2s
Rendered 1177/1301, time remaining: 2s
Rendered 1178/1301, time remaining: 2s
Rendered 1179/1301, time remaining: 2s
Rendered 1180/1301, time remaining: 2s
Rendered 1181/1301, time remaining: 2s
Rendered 1182/1301, time remaining: 2s
Rendered 1183/1301, time remaining: 2s
Rendered 1184/1301, time remaining: 2s
Rendered 1185/1301, time remaining: 2s
Rendered 1186/1301, time remaining: 2s
Rendered 1187/1301, time remaining: 1s
Rendered 1188/1301, time remaining: 1s
Rendered 1189/1301, time remaining: 1s
Rendered 1190/1301, time remaining: 1s
Rendered 1191/1301, time remaining: 1s
Rendered 1192/1301, time remaining: 1s
Rendered 1193/1301, time remaining: 1s
Rendered 1194/1301, time remaining: 1s
Rendered 1195/1301, time remaining: 1s
Rendered 1196/1301, time remaining: 1s
Rendered 1197/1301, time remaining: 1s
Rendered 1198/1301, time remaining: 1s
Rendered 1199/1301, time remaining: 1s
Rendered 1200/1301, time remaining: 1s
Rendered 1201/1301, time remaining: 1s
Rendered 1202/1301, time remaining: 1s
Rendered 1203/1301, time remaining: 1s
Rendered 1204/1301, time remaining: 1s
Rendered 1205/1301, time remaining: 1s
Rendered 1206/1301, time remaining: 1s
Rendered 1207/1301, time remaining: 1s
Rendered 1208/1301, time remaining: 1s
Rendered 1209/1301, time remaining: 1s
Rendered 1210/1301, time remaining: 1s
Rendered 1211/1301, time remaining: 1s
Rendered 1212/1301, time remaining: 1s
Rendered 1213/1301, time remaining: 1s
Rendered 1214/1301, time remaining: 1s
Rendered 1215/1301, time remaining: 1s
Rendered 1216/1301, time remaining: 1s
Rendered 1217/1301, time remaining: 1s
Rendered 1218/1301, time remaining: 1s
Rendered 1219/1301, time remaining: 1s
Rendered 1220/1301, time remaining: 1s
Rendered 1221/1301, time remaining: 1s
Rendered 1222/1301, time remaining: 1s
Rendered 1223/1301, time remaining: 1s
Rendered 1224/1301, time remaining: 1s
Rendered 1225/1301, time remaining: 1s
Rendered 1226/1301, time remaining: 1s
Rendered 1227/1301, time remaining: 1s
Rendered 1228/1301, time remaining: 1s
Rendered 1229/1301, time remaining: 1s
Rendered 1230/1301, time remaining: 1s
Rendered 1231/1301, time remaining: 1s
Rendered 1232/1301, time remaining: 1s
Rendered 1233/1301, time remaining: 1s
Rendered 1234/1301, time remaining: 1s
Rendered 1235/1301, time remaining: 1s
Rendered 1236/1301, time remaining: 1s
Rendered 1237/1301, time remaining: 1s
Rendered 1238/1301, time remaining: 1s
Rendered 1239/1301, time remaining: 1s
Rendered 1240/1301, time remaining: 1s
Rendered 1241/1301, time remaining: 1s
Rendered 1242/1301, time remaining: 1s
Rendered 1243/1301, time remaining: 0s
Rendered 1244/1301, time remaining: 0s
Rendered 1245/1301, time remaining: 0s
Rendered 1246/1301, time remaining: 0s
Rendered 1247/1301, time remaining: 0s
Rendered 1248/1301, time remaining: 0s
Rendered 1249/1301, time remaining: 0s
Rendered 1250/1301, time remaining: 0s
Rendered 1251/1301, time remaining: 0s
Rendered 1252/1301, time remaining: 0s
Rendered 1253/1301, time remaining: 0s
Rendered 1254/1301, time remaining: 0s
Rendered 1255/1301, time remaining: 0s
Rendered 1256/1301, time remaining: 0s
Rendered 1257/1301, time remaining: 0s
Rendered 1258/1301, time remaining: 0s
Rendered 1259/1301, time remaining: 0s
Rendered 1260/1301, time remaining: 0s
Rendered 1261/1301, time remaining: 0s
Rendered 1262/1301, time remaining: 0s
Rendered 1263/1301, time remaining: 0s
Rendered 1264/1301, time remaining: 0s
Rendered 1265/1301, time remaining: 0s
Rendered 1266/1301, time remaining: 0s
Rendered 1267/1301, time remaining: 0s
Rendered 1268/1301, time remaining: 0s
Rendered 1269/1301, time remaining: 0s
Rendered 1270/1301, time remaining: 0s
Rendered 1271/1301, time remaining: 0s
Rendered 1272/1301, time remaining: 0s
Rendered 1273/1301, time remaining: 0s
Rendered 1274/1301, time remaining: 0s
Rendered 1275/1301, time remaining: 0s
Rendered 1276/1301, time remaining: 0s
Rendered 1277/1301, time remaining: 0s
Rendered 1278/1301, time remaining: 0s
Rendered 1279/1301, time remaining: 0s
Rendered 1280/1301, time remaining: 0s
Rendered 1281/1301, time remaining: 0s
Rendered 1282/1301, time remaining: 0s
Rendered 1283/1301, time remaining: 0s
Rendered 1284/1301, time remaining: 0s
Rendered 1285/1301, time remaining: 0s
Rendered 1286/1301, time remaining: 0s
Rendered 1287/1301, time remaining: 0s
Rendered 1288/1301, time remaining: 0s
Rendered 1289/1301, time remaining: 0s
Rendered 1290/1301, time remaining: 0s
Rendered 1291/1301, time remaining: 0s
Rendered 1292/1301, time remaining: 0s
Rendered 1293/1301, time remaining: 0s
Rendered 1294/1301, time remaining: 0s
Rendered 1295/1301, time remaining: 0s
Rendered 1296/1301, time remaining: 0s
Rendered 1297/1301, time remaining: 0s
Rendered 1298/1301, time remaining: 0s
Rendered 1299/1301, time remaining: 0s
Rendered 1300/1301, time remaining: 0s
Rendered 1301/1301
Encoded 380/1301
Encoded 849/1301
Encoded 1301/1301
+                    /Users/janghokim/Documents/xps-staggered-joints-shorts/public/assets/video/xps-staggered-joints-preview-v3.mp4 2.7 MB
