Bundling 6%
Bundling 18%
Bundling 65%
Bundling 71%
Bundling 76%
Bundling 81%
Bundling 86%
Bundling 91%
Bundling 98%
Bundling 100%
Getting composition
Composition          XpsStaggeredV2
Codec                h264
Output               /Users/janghokim/Documents/xps-staggered-joints-shorts/public/assets/video/xps-staggered-joints-preview-v2.mp4
Concurrency          2x
Rendered 0/1155
Rendered 1/1155, time remaining: 2m 40s
Rendered 2/1155, time remaining: 1m 20s
Rendered 3/1155, time remaining: 1m 4s
Rendered 4/1155, time remaining: 49s
Rendered 5/1155, time remaining: 46s
Rendered 6/1155, time remaining: 39s
Rendered 7/1155, time remaining: 38s
Rendered 8/1155, time remaining: 34s
Rendered 9/1155, time remaining: 33s
Rendered 10/1155, time remaining: 31s
Rendered 11/1155, time remaining: 31s
Rendered 12/1155, time remaining: 29s
Rendered 13/1155, time remaining: 29s
Rendered 14/1155, time remaining: 27s
Rendered 15/1155, time remaining: 27s
Rendered 16/1155, time remaining: 26s
Rendered 17/1155, time remaining: 26s
Rendered 18/1155, time remaining: 25s
Rendered 19/1155, time remaining: 25s
Rendered 20/1155, time remaining: 24s
Rendered 21/1155, time remaining: 25s
Rendered 22/1155, time remaining: 24s
Rendered 23/1155, time remaining: 24s
Rendered 24/1155, time remaining: 23s
Rendered 25/1155, time remaining: 24s
Rendered 26/1155, time remaining: 23s
Rendered 27/1155, time remaining: 23s
Rendered 28/1155, time remaining: 23s
Rendered 29/1155, time remaining: 23s
Rendered 30/1155, time remaining: 22s
Rendered 31/1155, time remaining: 23s
Rendered 32/1155, time remaining: 22s
Rendered 33/1155, time remaining: 22s
Rendered 34/1155, time remaining: 22s
Rendered 35/1155, time remaining: 22s
Rendered 36/1155, time remaining: 21s
Rendered 37/1155, time remaining: 22s
Rendered 38/1155, time remaining: 21s
Rendered 39/1155, time remaining: 21s
Rendered 40/1155, time remaining: 21s
Rendered 41/1155, time remaining: 21s
Rendered 42/1155, time remaining: 21s
Rendered 43/1155, time remaining: 21s
Rendered 44/1155, time remaining: 21s
Rendered 45/1155, time remaining: 21s
Rendered 46/1155, time remaining: 21s
Rendered 47/1155, time remaining: 21s
Rendered 48/1155, time remaining: 20s
Rendered 49/1155, time remaining: 21s
Rendered 50/1155, time remaining: 20s
Rendered 51/1155, time remaining: 20s
Rendered 52/1155, time remaining: 20s
Rendered 53/1155, time remaining: 20s
Rendered 54/1155, time remaining: 20s
Rendered 55/1155, time remaining: 20s
Rendered 56/1155, time remaining: 20s
Rendered 57/1155, time remaining: 20s
Rendered 58/1155, time remaining: 20s
Rendered 59/1155, time remaining: 20s
Rendered 60/1155, time remaining: 20s
Rendered 61/1155, time remaining: 20s
Rendered 62/1155, time remaining: 20s
Rendered 63/1155, time remaining: 20s
Rendered 64/1155, time remaining: 19s
Rendered 65/1155, time remaining: 20s
Rendered 66/1155, time remaining: 19s
Rendered 67/1155, time remaining: 20s
Rendered 68/1155, time remaining: 19s
Rendered 69/1155, time remaining: 19s
Rendered 70/1155, time remaining: 19s
Rendered 71/1155, time remaining: 19s
Rendered 72/1155, time remaining: 19s
Rendered 73/1155, time remaining: 19s
Rendered 74/1155, time remaining: 19s
Rendered 75/1155, time remaining: 19s
Rendered 76/1155, time remaining: 19s
Rendered 77/1155, time remaining: 19s
Rendered 78/1155, time remaining: 19s
Rendered 79/1155, time remaining: 19s
Rendered 80/1155, time remaining: 19s
Rendered 81/1155, time remaining: 19s
Rendered 82/1155, time remaining: 19s
Rendered 83/1155, time remaining: 19s
Rendered 84/1155, time remaining: 19s
Rendered 85/1155, time remaining: 19s
Rendered 86/1155, time remaining: 19s
Rendered 87/1155, time remaining: 19s
Rendered 88/1155, time remaining: 19s
Rendered 89/1155, time remaining: 19s
Rendered 90/1155, time remaining: 19s
Rendered 91/1155, time remaining: 19s
Rendered 92/1155, time remaining: 18s
Rendered 93/1155, time remaining: 19s
Rendered 94/1155, time remaining: 18s
Rendered 95/1155, time remaining: 18s
Rendered 96/1155, time remaining: 18s
Rendered 97/1155, time remaining: 18s
Rendered 98/1155, time remaining: 18s
Rendered 99/1155, time remaining: 18s
Rendered 100/1155, time remaining: 18s
Rendered 101/1155, time remaining: 18s
Rendered 102/1155, time remaining: 18s
Rendered 103/1155, time remaining: 18s
Rendered 104/1155, time remaining: 18s
Rendered 105/1155, time remaining: 18s
Rendered 106/1155, time remaining: 18s
Rendered 107/1155, time remaining: 18s
Rendered 108/1155, time remaining: 18s
Rendered 109/1155, time remaining: 18s
Rendered 110/1155, time remaining: 18s
Rendered 111/1155, time remaining: 18s
Rendered 112/1155, time remaining: 18s
Rendered 113/1155, time remaining: 18s
Rendered 114/1155, time remaining: 18s
Rendered 115/1155, time remaining: 18s
Rendered 116/1155, time remaining: 18s
Rendered 117/1155, time remaining: 18s
Rendered 118/1155, time remaining: 18s
Rendered 119/1155, time remaining: 18s
Rendered 120/1155, time remaining: 18s
Rendered 121/1155, time remaining: 18s
Rendered 122/1155, time remaining: 18s
Rendered 123/1155, time remaining: 18s
Rendered 124/1155, time remaining: 18s
Rendered 125/1155, time remaining: 18s
Rendered 126/1155, time remaining: 18s
Rendered 127/1155, time remaining: 18s
Rendered 128/1155, time remaining: 17s
Rendered 129/1155, time remaining: 18s
Rendered 130/1155, time remaining: 17s
Rendered 131/1155, time remaining: 17s
Rendered 132/1155, time remaining: 17s
Rendered 133/1155, time remaining: 17s
Rendered 134/1155, time remaining: 17s
Rendered 135/1155, time remaining: 17s
Rendered 136/1155, time remaining: 17s
Rendered 137/1155, time remaining: 17s
Rendered 138/1155, time remaining: 17s
Rendered 139/1155, time remaining: 17s
Rendered 140/1155, time remaining: 17s
Rendered 141/1155, time remaining: 17s
Rendered 142/1155, time remaining: 17s
Rendered 143/1155, time remaining: 17s
Rendered 144/1155, time remaining: 17s
Rendered 145/1155, time remaining: 17s
Rendered 146/1155, time remaining: 17s
Rendered 147/1155, time remaining: 17s
Rendered 148/1155, time remaining: 17s
Rendered 149/1155, time remaining: 17s
Rendered 150/1155, time remaining: 17s
Rendered 151/1155, time remaining: 16s
Rendered 152/1155, time remaining: 16s
Rendered 153/1155, time remaining: 16s
Rendered 154/1155, time remaining: 16s
Rendered 155/1155, time remaining: 16s
Rendered 156/1155, time remaining: 16s
Rendered 157/1155, time remaining: 16s
Rendered 158/1155, time remaining: 16s
Rendered 159/1155, time remaining: 16s
Rendered 160/1155, time remaining: 16s
Rendered 161/1155, time remaining: 16s
Rendered 162/1155, time remaining: 16s
Rendered 163/1155, time remaining: 16s
Rendered 164/1155, time remaining: 16s
Rendered 165/1155, time remaining: 16s
Rendered 166/1155, time remaining: 16s
Rendered 167/1155, time remaining: 16s
Rendered 168/1155, time remaining: 16s
Rendered 169/1155, time remaining: 16s
Rendered 170/1155, time remaining: 16s
Rendered 171/1155, time remaining: 16s
Rendered 172/1155, time remaining: 16s
Rendered 173/1155, time remaining: 16s
Rendered 174/1155, time remaining: 16s
Rendered 175/1155, time remaining: 16s
Rendered 176/1155, time remaining: 16s
Rendered 177/1155, time remaining: 16s
Rendered 178/1155, time remaining: 16s
Rendered 179/1155, time remaining: 16s
Rendered 180/1155, time remaining: 16s
Rendered 181/1155, time remaining: 16s
Rendered 182/1155, time remaining: 16s
Rendered 183/1155, time remaining: 16s
Rendered 184/1155, time remaining: 16s
Rendered 185/1155, time remaining: 16s
Rendered 186/1155, time remaining: 16s
Rendered 187/1155, time remaining: 16s
Rendered 188/1155, time remaining: 16s
Rendered 189/1155, time remaining: 16s
Rendered 190/1155, time remaining: 16s
Rendered 191/1155, time remaining: 16s
Rendered 192/1155, time remaining: 16s
Rendered 193/1155, time remaining: 16s
Rendered 194/1155, time remaining: 16s
Rendered 195/1155, time remaining: 15s
Rendered 196/1155, time remaining: 15s
Rendered 197/1155, time remaining: 15s
Rendered 198/1155, time remaining: 15s
Rendered 199/1155, time remaining: 15s
Rendered 200/1155, time remaining: 15s
Rendered 201/1155, time remaining: 15s
Rendered 202/1155, time remaining: 15s
Rendered 203/1155, time remaining: 15s
Rendered 204/1155, time remaining: 15s
Rendered 205/1155, time remaining: 15s
Rendered 206/1155, time remaining: 15s
Rendered 207/1155, time remaining: 15s
Rendered 208/1155, time remaining: 15s
Rendered 209/1155, time remaining: 15s
Rendered 210/1155, time remaining: 15s
Rendered 211/1155, time remaining: 15s
Rendered 212/1155, time remaining: 15s
Rendered 213/1155, time remaining: 15s
Rendered 214/1155, time remaining: 15s
Rendered 215/1155, time remaining: 15s
Rendered 216/1155, time remaining: 15s
Rendered 217/1155, time remaining: 15s
Rendered 218/1155, time remaining: 15s
Rendered 219/1155, time remaining: 15s
Rendered 220/1155, time remaining: 15s
Rendered 221/1155, time remaining: 15s
Rendered 222/1155, time remaining: 15s
Rendered 223/1155, time remaining: 15s
Rendered 224/1155, time remaining: 15s
Rendered 225/1155, time remaining: 15s
Rendered 226/1155, time remaining: 15s
Rendered 227/1155, time remaining: 15s
Rendered 228/1155, time remaining: 15s
Rendered 229/1155, time remaining: 15s
Rendered 230/1155, time remaining: 15s
Rendered 231/1155, time remaining: 15s
Rendered 232/1155, time remaining: 15s
Rendered 233/1155, time remaining: 15s
Rendered 234/1155, time remaining: 15s
Rendered 235/1155, time remaining: 15s
Rendered 236/1155, time remaining: 15s
Rendered 237/1155, time remaining: 15s
Rendered 238/1155, time remaining: 15s
Rendered 239/1155, time remaining: 15s
Rendered 240/1155, time remaining: 15s
Rendered 241/1155, time remaining: 15s
Rendered 242/1155, time remaining: 15s
Rendered 243/1155, time remaining: 15s
Rendered 244/1155, time remaining: 15s
Rendered 245/1155, time remaining: 15s
Rendered 246/1155, time remaining: 15s
Rendered 247/1155, time remaining: 15s
Rendered 248/1155, time remaining: 15s
Rendered 249/1155, time remaining: 15s
Rendered 250/1155, time remaining: 15s
Rendered 251/1155, time remaining: 15s
Rendered 252/1155, time remaining: 15s
Rendered 253/1155, time remaining: 15s
Rendered 254/1155, time remaining: 15s
Rendered 255/1155, time remaining: 15s
Rendered 256/1155, time remaining: 14s
Rendered 257/1155, time remaining: 14s
Rendered 258/1155, time remaining: 14s
Rendered 259/1155, time remaining: 14s
Rendered 260/1155, time remaining: 14s
Rendered 261/1155, time remaining: 14s
Rendered 262/1155, time remaining: 14s
Rendered 263/1155, time remaining: 14s
Rendered 264/1155, time remaining: 14s
Rendered 265/1155, time remaining: 14s
Rendered 266/1155, time remaining: 14s
Rendered 267/1155, time remaining: 14s
Rendered 268/1155, time remaining: 14s
Rendered 269/1155, time remaining: 14s
Rendered 270/1155, time remaining: 14s
Rendered 271/1155, time remaining: 14s
Rendered 272/1155, time remaining: 14s
Rendered 273/1155, time remaining: 14s
Rendered 274/1155, time remaining: 14s
Rendered 275/1155, time remaining: 14s
Rendered 276/1155, time remaining: 14s
Rendered 277/1155, time remaining: 14s
Rendered 278/1155, time remaining: 14s
Rendered 279/1155, time remaining: 14s
Rendered 280/1155, time remaining: 14s
Rendered 281/1155, time remaining: 14s
Rendered 282/1155, time remaining: 14s
Rendered 283/1155, time remaining: 14s
Rendered 284/1155, time remaining: 14s
Rendered 285/1155, time remaining: 14s
Rendered 286/1155, time remaining: 14s
Rendered 287/1155, time remaining: 14s
Rendered 288/1155, time remaining: 14s
Rendered 289/1155, time remaining: 14s
Rendered 290/1155, time remaining: 14s
Rendered 291/1155, time remaining: 14s
Rendered 292/1155, time remaining: 14s
Rendered 293/1155, time remaining: 14s
Rendered 294/1155, time remaining: 14s
Rendered 295/1155, time remaining: 14s
Rendered 296/1155, time remaining: 14s
Rendered 297/1155, time remaining: 14s
Rendered 298/1155, time remaining: 14s
Rendered 299/1155, time remaining: 14s
Rendered 300/1155, time remaining: 14s
Rendered 301/1155, time remaining: 14s
Rendered 302/1155, time remaining: 14s
Rendered 303/1155, time remaining: 14s
Rendered 304/1155, time remaining: 14s
Rendered 305/1155, time remaining: 14s
Rendered 306/1155, time remaining: 14s
Rendered 307/1155, time remaining: 14s
Rendered 308/1155, time remaining: 14s
Rendered 309/1155, time remaining: 14s
Rendered 310/1155, time remaining: 14s
Rendered 311/1155, time remaining: 14s
Rendered 312/1155, time remaining: 14s
Rendered 313/1155, time remaining: 14s
Rendered 314/1155, time remaining: 14s
Rendered 315/1155, time remaining: 13s
Rendered 316/1155, time remaining: 13s
Rendered 317/1155, time remaining: 13s
Rendered 318/1155, time remaining: 13s
Rendered 319/1155, time remaining: 13s
Rendered 320/1155, time remaining: 13s
Rendered 321/1155, time remaining: 13s
Rendered 322/1155, time remaining: 13s
Rendered 323/1155, time remaining: 13s
Rendered 324/1155, time remaining: 13s
Rendered 325/1155, time remaining: 13s
Rendered 326/1155, time remaining: 13s
Rendered 327/1155, time remaining: 13s
Rendered 328/1155, time remaining: 13s
Rendered 329/1155, time remaining: 13s
Rendered 330/1155, time remaining: 13s
Rendered 331/1155, time remaining: 13s
Rendered 332/1155, time remaining: 13s
Rendered 333/1155, time remaining: 13s
Rendered 334/1155, time remaining: 13s
Rendered 335/1155, time remaining: 13s
Rendered 336/1155, time remaining: 13s
Rendered 337/1155, time remaining: 13s
Rendered 338/1155, time remaining: 13s
Rendered 339/1155, time remaining: 13s
Rendered 340/1155, time remaining: 13s
Rendered 341/1155, time remaining: 13s
Rendered 342/1155, time remaining: 13s
Rendered 343/1155, time remaining: 13s
Rendered 344/1155, time remaining: 13s
Rendered 345/1155, time remaining: 13s
Rendered 346/1155, time remaining: 13s
Rendered 347/1155, time remaining: 13s
Rendered 348/1155, time remaining: 13s
Rendered 349/1155, time remaining: 13s
Rendered 350/1155, time remaining: 13s
Rendered 351/1155, time remaining: 13s
Rendered 352/1155, time remaining: 13s
Rendered 353/1155, time remaining: 13s
Rendered 354/1155, time remaining: 13s
Rendered 355/1155, time remaining: 13s
Rendered 356/1155, time remaining: 13s
Rendered 357/1155, time remaining: 13s
Rendered 358/1155, time remaining: 13s
Rendered 359/1155, time remaining: 13s
Rendered 360/1155, time remaining: 13s
Rendered 361/1155, time remaining: 13s
Rendered 362/1155, time remaining: 13s
Rendered 363/1155, time remaining: 13s
Rendered 364/1155, time remaining: 13s
Rendered 365/1155, time remaining: 13s
Rendered 366/1155, time remaining: 13s
Rendered 367/1155, time remaining: 13s
Rendered 368/1155, time remaining: 13s
Rendered 369/1155, time remaining: 13s
Rendered 370/1155, time remaining: 13s
Rendered 371/1155, time remaining: 13s
Rendered 372/1155, time remaining: 13s
Rendered 373/1155, time remaining: 13s
Rendered 374/1155, time remaining: 13s
Rendered 375/1155, time remaining: 13s
Rendered 376/1155, time remaining: 12s
Rendered 377/1155, time remaining: 12s
Rendered 378/1155, time remaining: 12s
Rendered 379/1155, time remaining: 12s
Rendered 380/1155, time remaining: 12s
Rendered 381/1155, time remaining: 12s
Rendered 382/1155, time remaining: 12s
Rendered 383/1155, time remaining: 12s
Rendered 384/1155, time remaining: 12s
Rendered 385/1155, time remaining: 12s
Rendered 386/1155, time remaining: 12s
Rendered 387/1155, time remaining: 12s
Rendered 388/1155, time remaining: 12s
Rendered 389/1155, time remaining: 12s
Rendered 390/1155, time remaining: 12s
Rendered 391/1155, time remaining: 12s
Rendered 392/1155, time remaining: 12s
Rendered 393/1155, time remaining: 12s
Rendered 394/1155, time remaining: 12s
Rendered 395/1155, time remaining: 12s
Rendered 396/1155, time remaining: 12s
Rendered 397/1155, time remaining: 12s
Rendered 398/1155, time remaining: 12s
Rendered 399/1155, time remaining: 12s
Rendered 400/1155, time remaining: 12s
Rendered 401/1155, time remaining: 12s
Rendered 402/1155, time remaining: 12s
Rendered 403/1155, time remaining: 12s
Rendered 404/1155, time remaining: 12s
Rendered 405/1155, time remaining: 12s
Rendered 406/1155, time remaining: 12s
Rendered 407/1155, time remaining: 12s
Rendered 408/1155, time remaining: 12s
Rendered 409/1155, time remaining: 12s
Rendered 410/1155, time remaining: 12s
Rendered 411/1155, time remaining: 12s
Rendered 412/1155, time remaining: 12s
Rendered 413/1155, time remaining: 12s
Rendered 414/1155, time remaining: 12s
Rendered 415/1155, time remaining: 12s
Rendered 416/1155, time remaining: 12s
Rendered 417/1155, time remaining: 12s
Rendered 418/1155, time remaining: 12s
Rendered 419/1155, time remaining: 12s
Rendered 420/1155, time remaining: 12s
Rendered 421/1155, time remaining: 12s
Rendered 422/1155, time remaining: 12s
Rendered 423/1155, time remaining: 12s
Rendered 424/1155, time remaining: 12s
Rendered 425/1155, time remaining: 12s
Rendered 426/1155, time remaining: 12s
Rendered 427/1155, time remaining: 12s
Rendered 428/1155, time remaining: 12s
Rendered 429/1155, time remaining: 12s
Rendered 430/1155, time remaining: 12s
Rendered 431/1155, time remaining: 12s
Rendered 432/1155, time remaining: 12s
Rendered 433/1155, time remaining: 12s
Rendered 434/1155, time remaining: 12s
Rendered 435/1155, time remaining: 12s
Rendered 436/1155, time remaining: 12s
Rendered 437/1155, time remaining: 12s
Rendered 438/1155, time remaining: 12s
Rendered 439/1155, time remaining: 12s
Rendered 440/1155, time remaining: 12s
Rendered 441/1155, time remaining: 12s
Rendered 442/1155, time remaining: 11s
Rendered 443/1155, time remaining: 11s
Rendered 444/1155, time remaining: 11s
Rendered 445/1155, time remaining: 11s
Rendered 446/1155, time remaining: 11s
Rendered 447/1155, time remaining: 11s
Rendered 448/1155, time remaining: 11s
Rendered 449/1155, time remaining: 11s
Rendered 450/1155, time remaining: 11s
Rendered 451/1155, time remaining: 11s
Rendered 452/1155, time remaining: 11s
Rendered 453/1155, time remaining: 11s
Rendered 454/1155, time remaining: 11s
Rendered 455/1155, time remaining: 11s
Rendered 456/1155, time remaining: 11s
Rendered 457/1155, time remaining: 11s
Rendered 458/1155, time remaining: 11s
Rendered 459/1155, time remaining: 11s
Rendered 460/1155, time remaining: 11s
Rendered 461/1155, time remaining: 11s
Rendered 462/1155, time remaining: 11s
Rendered 463/1155, time remaining: 11s
Rendered 464/1155, time remaining: 11s
Rendered 465/1155, time remaining: 11s
Rendered 466/1155, time remaining: 11s
Rendered 467/1155, time remaining: 11s
Rendered 468/1155, time remaining: 11s
Rendered 469/1155, time remaining: 11s
Rendered 470/1155, time remaining: 11s
Rendered 471/1155, time remaining: 11s
Rendered 472/1155, time remaining: 11s
Rendered 473/1155, time remaining: 11s
Rendered 474/1155, time remaining: 11s
Rendered 475/1155, time remaining: 11s
Rendered 476/1155, time remaining: 11s
Rendered 477/1155, time remaining: 11s
Rendered 478/1155, time remaining: 11s
Rendered 479/1155, time remaining: 11s
Rendered 480/1155, time remaining: 11s
Rendered 481/1155, time remaining: 11s
Rendered 482/1155, time remaining: 11s
Rendered 483/1155, time remaining: 11s
Rendered 484/1155, time remaining: 11s
Rendered 485/1155, time remaining: 11s
Rendered 486/1155, time remaining: 11s
Rendered 487/1155, time remaining: 11s
Rendered 488/1155, time remaining: 11s
Rendered 489/1155, time remaining: 11s
Rendered 490/1155, time remaining: 11s
Rendered 491/1155, time remaining: 11s
Rendered 492/1155, time remaining: 11s
Rendered 493/1155, time remaining: 11s
Rendered 494/1155, time remaining: 11s
Rendered 495/1155, time remaining: 11s
Rendered 496/1155, time remaining: 11s
Rendered 497/1155, time remaining: 11s
Rendered 498/1155, time remaining: 11s
Rendered 499/1155, time remaining: 11s
Rendered 500/1155, time remaining: 11s
Rendered 501/1155, time remaining: 11s
Rendered 502/1155, time remaining: 11s
Rendered 503/1155, time remaining: 11s
Rendered 504/1155, time remaining: 11s
Rendered 505/1155, time remaining: 10s
Rendered 506/1155, time remaining: 10s
Rendered 507/1155, time remaining: 10s
Rendered 508/1155, time remaining: 10s
Rendered 509/1155, time remaining: 10s
Rendered 510/1155, time remaining: 10s
Rendered 511/1155, time remaining: 10s
Rendered 512/1155, time remaining: 10s
Rendered 513/1155, time remaining: 10s
Rendered 514/1155, time remaining: 10s
Rendered 515/1155, time remaining: 10s
Rendered 516/1155, time remaining: 10s
Rendered 517/1155, time remaining: 10s
Rendered 518/1155, time remaining: 10s
Rendered 519/1155, time remaining: 10s
Rendered 520/1155, time remaining: 10s
Rendered 521/1155, time remaining: 10s
Rendered 522/1155, time remaining: 10s
Rendered 523/1155, time remaining: 10s
Rendered 524/1155, time remaining: 10s
Rendered 525/1155, time remaining: 10s
Rendered 526/1155, time remaining: 10s
Rendered 527/1155, time remaining: 10s
Rendered 528/1155, time remaining: 10s
Rendered 529/1155, time remaining: 10s
Rendered 530/1155, time remaining: 10s
Rendered 531/1155, time remaining: 10s
Rendered 532/1155, time remaining: 10s
Rendered 533/1155, time remaining: 10s
Rendered 534/1155, time remaining: 10s
Rendered 535/1155, time remaining: 10s
Rendered 536/1155, time remaining: 10s
Rendered 537/1155, time remaining: 10s
Rendered 538/1155, time remaining: 10s
Rendered 539/1155, time remaining: 10s
Rendered 540/1155, time remaining: 10s
Rendered 541/1155, time remaining: 10s
Rendered 542/1155, time remaining: 10s
Rendered 543/1155, time remaining: 10s
Rendered 544/1155, time remaining: 10s
Rendered 545/1155, time remaining: 10s
Rendered 546/1155, time remaining: 10s
Rendered 547/1155, time remaining: 10s
Rendered 548/1155, time remaining: 10s
Rendered 549/1155, time remaining: 10s
Rendered 550/1155, time remaining: 10s
Rendered 551/1155, time remaining: 10s
Rendered 552/1155, time remaining: 10s
Rendered 553/1155, time remaining: 10s
Rendered 554/1155, time remaining: 10s
Rendered 555/1155, time remaining: 10s
Rendered 556/1155, time remaining: 10s
Rendered 557/1155, time remaining: 10s
Rendered 558/1155, time remaining: 10s
Rendered 559/1155, time remaining: 10s
Rendered 560/1155, time remaining: 10s
Rendered 561/1155, time remaining: 10s
Rendered 562/1155, time remaining: 10s
Rendered 563/1155, time remaining: 10s
Rendered 564/1155, time remaining: 10s
Rendered 565/1155, time remaining: 9s
Rendered 566/1155, time remaining: 9s
Rendered 567/1155, time remaining: 9s
Rendered 568/1155, time remaining: 9s
Rendered 569/1155, time remaining: 9s
Rendered 570/1155, time remaining: 9s
Rendered 571/1155, time remaining: 9s
Rendered 572/1155, time remaining: 9s
Rendered 573/1155, time remaining: 9s
Rendered 574/1155, time remaining: 9s
Rendered 575/1155, time remaining: 9s
Rendered 576/1155, time remaining: 9s
Rendered 577/1155, time remaining: 9s
Rendered 578/1155, time remaining: 9s
Rendered 579/1155, time remaining: 9s
Rendered 580/1155, time remaining: 9s
Rendered 581/1155, time remaining: 9s
Rendered 582/1155, time remaining: 9s
Rendered 583/1155, time remaining: 9s
Rendered 584/1155, time remaining: 9s
Rendered 585/1155, time remaining: 9s
Rendered 586/1155, time remaining: 9s
Rendered 587/1155, time remaining: 9s
Rendered 588/1155, time remaining: 9s
Rendered 589/1155, time remaining: 9s
Rendered 590/1155, time remaining: 9s
Rendered 591/1155, time remaining: 9s
Rendered 592/1155, time remaining: 9s
Rendered 593/1155, time remaining: 9s
Rendered 594/1155, time remaining: 9s
Rendered 595/1155, time remaining: 9s
Rendered 596/1155, time remaining: 9s
Rendered 597/1155, time remaining: 9s
Rendered 598/1155, time remaining: 9s
Rendered 599/1155, time remaining: 9s
Rendered 600/1155, time remaining: 9s
Rendered 601/1155, time remaining: 9s
Rendered 602/1155, time remaining: 9s
Rendered 603/1155, time remaining: 9s
Rendered 604/1155, time remaining: 9s
Rendered 605/1155, time remaining: 9s
Rendered 606/1155, time remaining: 9s
Rendered 607/1155, time remaining: 9s
Rendered 608/1155, time remaining: 9s
Rendered 609/1155, time remaining: 9s
Rendered 610/1155, time remaining: 9s
Rendered 611/1155, time remaining: 9s
Rendered 612/1155, time remaining: 9s
Rendered 613/1155, time remaining: 9s
Rendered 614/1155, time remaining: 9s
Rendered 615/1155, time remaining: 9s
Rendered 616/1155, time remaining: 9s
Rendered 617/1155, time remaining: 9s
Rendered 618/1155, time remaining: 9s
Rendered 619/1155, time remaining: 9s
Rendered 620/1155, time remaining: 9s
Rendered 621/1155, time remaining: 9s
Rendered 622/1155, time remaining: 9s
Rendered 623/1155, time remaining: 9s
Rendered 624/1155, time remaining: 9s
Rendered 625/1155, time remaining: 9s
Rendered 626/1155, time remaining: 9s
Rendered 627/1155, time remaining: 9s
Rendered 628/1155, time remaining: 8s
Rendered 629/1155, time remaining: 8s
Rendered 630/1155, time remaining: 8s
Rendered 631/1155, time remaining: 8s
Rendered 632/1155, time remaining: 8s
Rendered 633/1155, time remaining: 8s
Rendered 634/1155, time remaining: 8s
Rendered 635/1155, time remaining: 8s
Rendered 636/1155, time remaining: 8s
Rendered 637/1155, time remaining: 8s
Rendered 638/1155, time remaining: 8s
Rendered 639/1155, time remaining: 8s
Rendered 640/1155, time remaining: 8s
Rendered 641/1155, time remaining: 8s
Rendered 642/1155, time remaining: 8s
Rendered 643/1155, time remaining: 8s
Rendered 644/1155, time remaining: 8s
Rendered 645/1155, time remaining: 8s
Rendered 646/1155, time remaining: 8s
Rendered 647/1155, time remaining: 8s
Rendered 648/1155, time remaining: 8s
Rendered 649/1155, time remaining: 8s
Rendered 650/1155, time remaining: 8s
Rendered 651/1155, time remaining: 8s
Rendered 652/1155, time remaining: 8s
Rendered 653/1155, time remaining: 8s
Rendered 654/1155, time remaining: 8s
Rendered 655/1155, time remaining: 8s
Rendered 656/1155, time remaining: 8s
Rendered 657/1155, time remaining: 8s
Rendered 658/1155, time remaining: 8s
Rendered 659/1155, time remaining: 8s
Rendered 660/1155, time remaining: 8s
Rendered 661/1155, time remaining: 8s
Rendered 662/1155, time remaining: 8s
Rendered 663/1155, time remaining: 8s
Rendered 664/1155, time remaining: 8s
Rendered 665/1155, time remaining: 8s
Rendered 666/1155, time remaining: 8s
Rendered 667/1155, time remaining: 8s
Rendered 668/1155, time remaining: 8s
Rendered 669/1155, time remaining: 8s
Rendered 670/1155, time remaining: 8s
Rendered 671/1155, time remaining: 8s
Rendered 672/1155, time remaining: 8s
Rendered 673/1155, time remaining: 8s
Rendered 674/1155, time remaining: 8s
Rendered 675/1155, time remaining: 8s
Rendered 676/1155, time remaining: 8s
Rendered 677/1155, time remaining: 8s
Rendered 678/1155, time remaining: 8s
Rendered 679/1155, time remaining: 8s
Rendered 680/1155, time remaining: 8s
Rendered 681/1155, time remaining: 8s
Rendered 682/1155, time remaining: 8s
Rendered 683/1155, time remaining: 8s
Rendered 684/1155, time remaining: 8s
Rendered 685/1155, time remaining: 7s
Rendered 686/1155, time remaining: 7s
Rendered 687/1155, time remaining: 7s
Rendered 688/1155, time remaining: 7s
Rendered 689/1155, time remaining: 7s
Rendered 690/1155, time remaining: 7s
Rendered 691/1155, time remaining: 7s
Rendered 692/1155, time remaining: 7s
Rendered 693/1155, time remaining: 7s
Rendered 694/1155, time remaining: 7s
Rendered 695/1155, time remaining: 7s
Rendered 696/1155, time remaining: 7s
Rendered 697/1155, time remaining: 7s
Rendered 698/1155, time remaining: 7s
Rendered 699/1155, time remaining: 7s
Rendered 700/1155, time remaining: 7s
Rendered 701/1155, time remaining: 7s
Rendered 702/1155, time remaining: 7s
Rendered 703/1155, time remaining: 7s
Rendered 704/1155, time remaining: 7s
Rendered 705/1155, time remaining: 7s
Rendered 706/1155, time remaining: 7s
Rendered 707/1155, time remaining: 7s
Rendered 708/1155, time remaining: 7s
Rendered 709/1155, time remaining: 7s
Rendered 710/1155, time remaining: 7s
Rendered 711/1155, time remaining: 7s
Rendered 712/1155, time remaining: 7s
Rendered 713/1155, time remaining: 7s
Rendered 714/1155, time remaining: 7s
Rendered 715/1155, time remaining: 7s
Rendered 716/1155, time remaining: 7s
Rendered 717/1155, time remaining: 7s
Rendered 718/1155, time remaining: 7s
Rendered 719/1155, time remaining: 7s
Rendered 720/1155, time remaining: 7s
Rendered 721/1155, time remaining: 7s
Rendered 722/1155, time remaining: 7s
Rendered 723/1155, time remaining: 7s
Rendered 724/1155, time remaining: 7s
Rendered 725/1155, time remaining: 7s
Rendered 726/1155, time remaining: 7s
Rendered 727/1155, time remaining: 7s
Rendered 728/1155, time remaining: 7s
Rendered 729/1155, time remaining: 7s
Rendered 730/1155, time remaining: 7s
Rendered 731/1155, time remaining: 7s
Rendered 732/1155, time remaining: 7s
Rendered 733/1155, time remaining: 7s
Rendered 734/1155, time remaining: 7s
Rendered 735/1155, time remaining: 7s
Rendered 736/1155, time remaining: 7s
Rendered 737/1155, time remaining: 7s
Rendered 738/1155, time remaining: 7s
Rendered 739/1155, time remaining: 7s
Rendered 740/1155, time remaining: 7s
Rendered 741/1155, time remaining: 7s
Rendered 742/1155, time remaining: 7s
Rendered 743/1155, time remaining: 7s
Rendered 744/1155, time remaining: 7s
Rendered 745/1155, time remaining: 7s
Rendered 746/1155, time remaining: 7s
Rendered 747/1155, time remaining: 6s
Rendered 748/1155, time remaining: 6s
Rendered 749/1155, time remaining: 6s
Rendered 750/1155, time remaining: 6s
Rendered 751/1155, time remaining: 6s
Rendered 752/1155, time remaining: 6s
Rendered 753/1155, time remaining: 6s
Rendered 754/1155, time remaining: 6s
Rendered 755/1155, time remaining: 6s
Rendered 756/1155, time remaining: 6s
Rendered 757/1155, time remaining: 6s
Rendered 758/1155, time remaining: 6s
Rendered 759/1155, time remaining: 6s
Rendered 760/1155, time remaining: 6s
Rendered 761/1155, time remaining: 6s
Rendered 762/1155, time remaining: 6s
Rendered 763/1155, time remaining: 6s
Rendered 764/1155, time remaining: 6s
Rendered 765/1155, time remaining: 6s
Rendered 766/1155, time remaining: 6s
Rendered 767/1155, time remaining: 6s
Rendered 768/1155, time remaining: 6s
Rendered 769/1155, time remaining: 6s
Rendered 770/1155, time remaining: 6s
Rendered 771/1155, time remaining: 6s
Rendered 772/1155, time remaining: 6s
Rendered 773/1155, time remaining: 6s
Rendered 774/1155, time remaining: 6s
Rendered 775/1155, time remaining: 6s
Rendered 776/1155, time remaining: 6s
Rendered 777/1155, time remaining: 6s
Rendered 778/1155, time remaining: 6s
Rendered 779/1155, time remaining: 6s
Rendered 780/1155, time remaining: 6s
Rendered 781/1155, time remaining: 6s
Rendered 782/1155, time remaining: 6s
Rendered 783/1155, time remaining: 6s
Rendered 784/1155, time remaining: 6s
Rendered 785/1155, time remaining: 6s
Rendered 786/1155, time remaining: 6s
Rendered 787/1155, time remaining: 6s
Rendered 788/1155, time remaining: 6s
Rendered 789/1155, time remaining: 6s
Rendered 790/1155, time remaining: 6s
Rendered 791/1155, time remaining: 6s
Rendered 792/1155, time remaining: 6s
Rendered 793/1155, time remaining: 6s
Rendered 794/1155, time remaining: 6s
Rendered 795/1155, time remaining: 6s
Rendered 796/1155, time remaining: 6s
Rendered 797/1155, time remaining: 6s
Rendered 798/1155, time remaining: 6s
Rendered 799/1155, time remaining: 6s
Rendered 800/1155, time remaining: 6s
Rendered 801/1155, time remaining: 6s
Rendered 802/1155, time remaining: 5s
Rendered 803/1155, time remaining: 5s
Rendered 804/1155, time remaining: 5s
Rendered 805/1155, time remaining: 5s
Rendered 806/1155, time remaining: 5s
Rendered 807/1155, time remaining: 5s
Rendered 808/1155, time remaining: 5s
Rendered 809/1155, time remaining: 5s
Rendered 810/1155, time remaining: 5s
Rendered 811/1155, time remaining: 5s
Rendered 812/1155, time remaining: 5s
Rendered 813/1155, time remaining: 5s
Rendered 814/1155, time remaining: 5s
Rendered 815/1155, time remaining: 5s
Rendered 816/1155, time remaining: 5s
Rendered 817/1155, time remaining: 5s
Rendered 818/1155, time remaining: 5s
Rendered 819/1155, time remaining: 5s
Rendered 820/1155, time remaining: 5s
Rendered 821/1155, time remaining: 5s
Rendered 822/1155, time remaining: 5s
Rendered 823/1155, time remaining: 5s
Rendered 824/1155, time remaining: 5s
Rendered 825/1155, time remaining: 5s
Rendered 826/1155, time remaining: 5s
Rendered 827/1155, time remaining: 5s
Rendered 828/1155, time remaining: 5s
Rendered 829/1155, time remaining: 5s
Rendered 830/1155, time remaining: 5s
Rendered 831/1155, time remaining: 5s
Rendered 832/1155, time remaining: 5s
Rendered 833/1155, time remaining: 5s
Rendered 834/1155, time remaining: 5s
Rendered 835/1155, time remaining: 5s
Rendered 836/1155, time remaining: 5s
Rendered 837/1155, time remaining: 5s
Rendered 838/1155, time remaining: 5s
Rendered 839/1155, time remaining: 5s
Rendered 840/1155, time remaining: 5s
Rendered 841/1155, time remaining: 5s
Rendered 842/1155, time remaining: 5s
Rendered 843/1155, time remaining: 5s
Rendered 844/1155, time remaining: 5s
Rendered 845/1155, time remaining: 5s
Rendered 846/1155, time remaining: 5s
Rendered 847/1155, time remaining: 5s
Rendered 848/1155, time remaining: 5s
Rendered 849/1155, time remaining: 5s
Rendered 850/1155, time remaining: 5s
Rendered 851/1155, time remaining: 5s
Rendered 852/1155, time remaining: 5s
Rendered 853/1155, time remaining: 5s
Rendered 854/1155, time remaining: 5s
Rendered 855/1155, time remaining: 5s
Rendered 856/1155, time remaining: 5s
Rendered 857/1155, time remaining: 5s
Rendered 858/1155, time remaining: 5s
Rendered 859/1155, time remaining: 5s
Rendered 860/1155, time remaining: 5s
Rendered 861/1155, time remaining: 5s
Rendered 862/1155, time remaining: 4s
Rendered 863/1155, time remaining: 4s
Rendered 864/1155, time remaining: 4s
Rendered 865/1155, time remaining: 4s
Rendered 866/1155, time remaining: 4s
Rendered 867/1155, time remaining: 4s
Rendered 868/1155, time remaining: 4s
Rendered 869/1155, time remaining: 4s
Rendered 870/1155, time remaining: 4s
Rendered 871/1155, time remaining: 4s
Rendered 872/1155, time remaining: 4s
Rendered 873/1155, time remaining: 4s
Rendered 874/1155, time remaining: 4s
Rendered 875/1155, time remaining: 4s
Rendered 876/1155, time remaining: 4s
Rendered 877/1155, time remaining: 4s
Rendered 878/1155, time remaining: 4s
Rendered 879/1155, time remaining: 4s
Rendered 880/1155, time remaining: 4s
Rendered 881/1155, time remaining: 4s
Rendered 882/1155, time remaining: 4s
Rendered 883/1155, time remaining: 4s
Rendered 884/1155, time remaining: 4s
Rendered 885/1155, time remaining: 4s
Rendered 886/1155, time remaining: 4s
Rendered 887/1155, time remaining: 4s
Rendered 888/1155, time remaining: 4s
Rendered 889/1155, time remaining: 4s
Rendered 890/1155, time remaining: 4s
Rendered 891/1155, time remaining: 4s
Rendered 892/1155, time remaining: 4s
Rendered 893/1155, time remaining: 4s
Rendered 894/1155, time remaining: 4s
Rendered 895/1155, time remaining: 4s
Rendered 896/1155, time remaining: 4s
Rendered 897/1155, time remaining: 4s
Rendered 898/1155, time remaining: 4s
Rendered 899/1155, time remaining: 4s
Rendered 900/1155, time remaining: 4s
Rendered 901/1155, time remaining: 4s
Rendered 902/1155, time remaining: 4s
Rendered 903/1155, time remaining: 4s
Rendered 904/1155, time remaining: 4s
Rendered 905/1155, time remaining: 4s
Rendered 906/1155, time remaining: 4s
Rendered 907/1155, time remaining: 4s
Rendered 908/1155, time remaining: 4s
Rendered 909/1155, time remaining: 4s
Rendered 910/1155, time remaining: 4s
Rendered 911/1155, time remaining: 4s
Rendered 912/1155, time remaining: 4s
Rendered 913/1155, time remaining: 4s
Rendered 914/1155, time remaining: 4s
Rendered 915/1155, time remaining: 4s
Rendered 916/1155, time remaining: 4s
Rendered 917/1155, time remaining: 4s
Rendered 918/1155, time remaining: 4s
Rendered 919/1155, time remaining: 4s
Rendered 920/1155, time remaining: 4s
Rendered 921/1155, time remaining: 4s
Rendered 922/1155, time remaining: 4s
Rendered 923/1155, time remaining: 4s
Rendered 924/1155, time remaining: 4s
Rendered 925/1155, time remaining: 3s
Rendered 926/1155, time remaining: 4s
Rendered 927/1155, time remaining: 3s
Rendered 928/1155, time remaining: 3s
Rendered 929/1155, time remaining: 3s
Rendered 930/1155, time remaining: 3s
Rendered 931/1155, time remaining: 3s
Rendered 932/1155, time remaining: 3s
Rendered 933/1155, time remaining: 3s
Rendered 934/1155, time remaining: 3s
Rendered 935/1155, time remaining: 3s
Rendered 936/1155, time remaining: 3s
Rendered 937/1155, time remaining: 3s
Rendered 938/1155, time remaining: 3s
Rendered 939/1155, time remaining: 3s
Rendered 940/1155, time remaining: 3s
Rendered 941/1155, time remaining: 3s
Rendered 942/1155, time remaining: 3s
Rendered 943/1155, time remaining: 3s
Rendered 944/1155, time remaining: 3s
Rendered 945/1155, time remaining: 3s
Rendered 946/1155, time remaining: 3s
Rendered 947/1155, time remaining: 3s
Rendered 948/1155, time remaining: 3s
Rendered 949/1155, time remaining: 3s
Rendered 950/1155, time remaining: 3s
Rendered 951/1155, time remaining: 3s
Rendered 952/1155, time remaining: 3s
Rendered 953/1155, time remaining: 3s
Rendered 954/1155, time remaining: 3s
Rendered 955/1155, time remaining: 3s
Rendered 956/1155, time remaining: 3s
Rendered 957/1155, time remaining: 3s
Rendered 958/1155, time remaining: 3s
Rendered 959/1155, time remaining: 3s
Rendered 960/1155, time remaining: 3s
Rendered 961/1155, time remaining: 3s
Rendered 962/1155, time remaining: 3s
Rendered 963/1155, time remaining: 3s
Rendered 964/1155, time remaining: 3s
Rendered 965/1155, time remaining: 3s
Rendered 966/1155, time remaining: 3s
Rendered 967/1155, time remaining: 3s
Rendered 968/1155, time remaining: 3s
Rendered 969/1155, time remaining: 3s
Rendered 970/1155, time remaining: 3s
Rendered 971/1155, time remaining: 3s
Rendered 972/1155, time remaining: 3s
Rendered 973/1155, time remaining: 3s
Rendered 974/1155, time remaining: 3s
Rendered 975/1155, time remaining: 3s
Rendered 976/1155, time remaining: 3s
Rendered 977/1155, time remaining: 3s
Rendered 978/1155, time remaining: 3s
Rendered 979/1155, time remaining: 3s
Rendered 980/1155, time remaining: 3s
Rendered 981/1155, time remaining: 3s
Rendered 982/1155, time remaining: 3s
Rendered 983/1155, time remaining: 2s
Rendered 984/1155, time remaining: 2s
Rendered 985/1155, time remaining: 2s
Rendered 986/1155, time remaining: 2s
Rendered 987/1155, time remaining: 2s
Rendered 988/1155, time remaining: 2s
Rendered 989/1155, time remaining: 2s
Rendered 990/1155, time remaining: 2s
Rendered 991/1155, time remaining: 2s
Rendered 992/1155, time remaining: 2s
Rendered 993/1155, time remaining: 2s
Rendered 994/1155, time remaining: 2s
Rendered 995/1155, time remaining: 2s
Rendered 996/1155, time remaining: 2s
Rendered 997/1155, time remaining: 2s
Rendered 998/1155, time remaining: 2s
Rendered 999/1155, time remaining: 2s
Rendered 1000/1155, time remaining: 2s
Rendered 1001/1155, time remaining: 2s
Rendered 1002/1155, time remaining: 2s
Rendered 1003/1155, time remaining: 2s
Rendered 1004/1155, time remaining: 2s
Rendered 1005/1155, time remaining: 2s
Rendered 1006/1155, time remaining: 2s
Rendered 1007/1155, time remaining: 2s
Rendered 1008/1155, time remaining: 2s
Rendered 1009/1155, time remaining: 2s
Rendered 1010/1155, time remaining: 2s
Rendered 1011/1155, time remaining: 2s
Rendered 1012/1155, time remaining: 2s
Rendered 1013/1155, time remaining: 2s
Rendered 1014/1155, time remaining: 2s
Rendered 1015/1155, time remaining: 2s
Rendered 1016/1155, time remaining: 2s
Rendered 1017/1155, time remaining: 2s
Rendered 1018/1155, time remaining: 2s
Rendered 1019/1155, time remaining: 2s
Rendered 1020/1155, time remaining: 2s
Rendered 1021/1155, time remaining: 2s
Rendered 1022/1155, time remaining: 2s
Rendered 1023/1155, time remaining: 2s
Rendered 1024/1155, time remaining: 2s
Rendered 1025/1155, time remaining: 2s
Rendered 1026/1155, time remaining: 2s
Rendered 1027/1155, time remaining: 2s
Rendered 1028/1155, time remaining: 2s
Rendered 1029/1155, time remaining: 2s
Rendered 1030/1155, time remaining: 2s
Rendered 1031/1155, time remaining: 2s
Rendered 1032/1155, time remaining: 2s
Rendered 1033/1155, time remaining: 2s
Rendered 1034/1155, time remaining: 2s
Rendered 1035/1155, time remaining: 2s
Rendered 1036/1155, time remaining: 2s
Rendered 1037/1155, time remaining: 2s
Rendered 1038/1155, time remaining: 1s
Rendered 1039/1155, time remaining: 1s
Rendered 1040/1155, time remaining: 1s
Rendered 1041/1155, time remaining: 1s
Rendered 1042/1155, time remaining: 1s
Rendered 1043/1155, time remaining: 1s
Rendered 1044/1155, time remaining: 1s
Rendered 1045/1155, time remaining: 1s
Rendered 1046/1155, time remaining: 1s
Rendered 1047/1155, time remaining: 1s
Rendered 1048/1155, time remaining: 1s
Rendered 1049/1155, time remaining: 1s
Rendered 1050/1155, time remaining: 1s
Rendered 1051/1155, time remaining: 1s
Rendered 1052/1155, time remaining: 1s
Rendered 1053/1155, time remaining: 1s
Rendered 1054/1155, time remaining: 1s
Rendered 1055/1155, time remaining: 1s
Rendered 1056/1155, time remaining: 1s
Rendered 1057/1155, time remaining: 1s
Rendered 1058/1155, time remaining: 1s
Rendered 1059/1155, time remaining: 1s
Rendered 1060/1155, time remaining: 1s
Rendered 1061/1155, time remaining: 1s
Rendered 1062/1155, time remaining: 1s
Rendered 1063/1155, time remaining: 1s
Rendered 1064/1155, time remaining: 1s
Rendered 1065/1155, time remaining: 1s
Rendered 1066/1155, time remaining: 1s
Rendered 1067/1155, time remaining: 1s
Rendered 1068/1155, time remaining: 1s
Rendered 1069/1155, time remaining: 1s
Rendered 1070/1155, time remaining: 1s
Rendered 1071/1155, time remaining: 1s
Rendered 1072/1155, time remaining: 1s
Rendered 1073/1155, time remaining: 1s
Rendered 1074/1155, time remaining: 1s
Rendered 1075/1155, time remaining: 1s
Rendered 1076/1155, time remaining: 1s
Rendered 1077/1155, time remaining: 1s
Rendered 1078/1155, time remaining: 1s
Rendered 1079/1155, time remaining: 1s
Rendered 1080/1155, time remaining: 1s
Rendered 1081/1155, time remaining: 1s
Rendered 1082/1155, time remaining: 1s
Rendered 1083/1155, time remaining: 1s
Rendered 1084/1155, time remaining: 1s
Rendered 1085/1155, time remaining: 1s
Rendered 1086/1155, time remaining: 1s
Rendered 1087/1155, time remaining: 1s
Rendered 1088/1155, time remaining: 1s
Rendered 1089/1155, time remaining: 1s
Rendered 1090/1155, time remaining: 1s
Rendered 1091/1155, time remaining: 1s
Rendered 1092/1155, time remaining: 1s
Rendered 1093/1155, time remaining: 1s
Rendered 1094/1155, time remaining: 1s
Rendered 1095/1155, time remaining: 1s
Rendered 1096/1155, time remaining: 0s
Rendered 1097/1155, time remaining: 0s
Rendered 1098/1155, time remaining: 0s
Rendered 1099/1155, time remaining: 0s
Rendered 1100/1155, time remaining: 0s
Rendered 1101/1155, time remaining: 0s
Rendered 1102/1155, time remaining: 0s
Rendered 1103/1155, time remaining: 0s
Rendered 1104/1155, time remaining: 0s
Rendered 1105/1155, time remaining: 0s
Rendered 1106/1155, time remaining: 0s
Rendered 1107/1155, time remaining: 0s
Rendered 1108/1155, time remaining: 0s
Rendered 1109/1155, time remaining: 0s
Rendered 1110/1155, time remaining: 0s
Rendered 1111/1155, time remaining: 0s
Rendered 1112/1155, time remaining: 0s
Rendered 1113/1155, time remaining: 0s
Rendered 1114/1155, time remaining: 0s
Rendered 1115/1155, time remaining: 0s
Rendered 1116/1155, time remaining: 0s
Rendered 1117/1155, time remaining: 0s
Rendered 1118/1155, time remaining: 0s
Rendered 1119/1155, time remaining: 0s
Rendered 1120/1155, time remaining: 0s
Rendered 1121/1155, time remaining: 0s
Rendered 1122/1155, time remaining: 0s
Rendered 1123/1155, time remaining: 0s
Rendered 1124/1155, time remaining: 0s
Rendered 1125/1155, time remaining: 0s
Rendered 1126/1155, time remaining: 0s
Rendered 1127/1155, time remaining: 0s
Rendered 1128/1155, time remaining: 0s
Rendered 1129/1155, time remaining: 0s
Rendered 1130/1155, time remaining: 0s
Rendered 1131/1155, time remaining: 0s
Rendered 1132/1155, time remaining: 0s
Rendered 1133/1155, time remaining: 0s
Rendered 1134/1155, time remaining: 0s
Rendered 1135/1155, time remaining: 0s
Rendered 1136/1155, time remaining: 0s
Rendered 1137/1155, time remaining: 0s
Rendered 1138/1155, time remaining: 0s
Rendered 1139/1155, time remaining: 0s
Rendered 1140/1155, time remaining: 0s
Rendered 1141/1155, time remaining: 0s
Rendered 1142/1155, time remaining: 0s
Rendered 1143/1155, time remaining: 0s
Rendered 1144/1155, time remaining: 0s
Rendered 1145/1155, time remaining: 0s
Rendered 1146/1155, time remaining: 0s
Rendered 1147/1155, time remaining: 0s
Rendered 1148/1155, time remaining: 0s
Rendered 1149/1155, time remaining: 0s
Rendered 1150/1155, time remaining: 0s
Rendered 1151/1155, time remaining: 0s
Rendered 1152/1155, time remaining: 0s
Rendered 1153/1155, time remaining: 0s
Rendered 1154/1155, time remaining: 0s
Rendered 1155/1155
Encoded 403/1155
Encoded 857/1155
Encoded 1155/1155
+                    /Users/janghokim/Documents/xps-staggered-joints-shorts/public/assets/video/xps-staggered-joints-preview-v2.mp4 2.3 MB
