Bundling 6%
Bundling 18%
Bundling 23%
Bundling 65%
Bundling 71%
Bundling 76%
Bundling 81%
Bundling 86%
Bundling 91%
Bundling 98%
Bundling 100%
Getting composition
Composition          XpsStaggered
Codec                h264
Output               /Users/janghokim/Documents/xps-staggered-joints-shorts/public/assets/video/xps-staggered-joints-preview-v1.mp4
Concurrency          2x
Rendered 0/999
Rendered 1/999, time remaining: 2m 38s
Rendered 2/999, time remaining: 1m 19s
Rendered 3/999, time remaining: 59s
Rendered 4/999, time remaining: 47s
Rendered 5/999, time remaining: 42s
Rendered 6/999, time remaining: 36s
Rendered 7/999, time remaining: 35s
Rendered 8/999, time remaining: 31s
Rendered 9/999, time remaining: 30s
Rendered 10/999, time remaining: 28s
Rendered 11/999, time remaining: 28s
Rendered 12/999, time remaining: 26s
Rendered 13/999, time remaining: 26s
Rendered 14/999, time remaining: 25s
Rendered 15/999, time remaining: 24s
Rendered 16/999, time remaining: 23s
Rendered 17/999, time remaining: 23s
Rendered 18/999, time remaining: 22s
Rendered 19/999, time remaining: 23s
Rendered 20/999, time remaining: 22s
Rendered 21/999, time remaining: 22s
Rendered 22/999, time remaining: 21s
Rendered 23/999, time remaining: 21s
Rendered 24/999, time remaining: 21s
Rendered 25/999, time remaining: 21s
Rendered 26/999, time remaining: 20s
Rendered 27/999, time remaining: 20s
Rendered 28/999, time remaining: 20s
Rendered 29/999, time remaining: 20s
Rendered 30/999, time remaining: 20s
Rendered 31/999, time remaining: 20s
Rendered 32/999, time remaining: 19s
Rendered 33/999, time remaining: 19s
Rendered 34/999, time remaining: 19s
Rendered 35/999, time remaining: 19s
Rendered 36/999, time remaining: 19s
Rendered 37/999, time remaining: 19s
Rendered 38/999, time remaining: 19s
Rendered 39/999, time remaining: 19s
Rendered 40/999, time remaining: 18s
Rendered 41/999, time remaining: 19s
Rendered 42/999, time remaining: 18s
Rendered 43/999, time remaining: 18s
Rendered 44/999, time remaining: 18s
Rendered 45/999, time remaining: 18s
Rendered 46/999, time remaining: 18s
Rendered 47/999, time remaining: 18s
Rendered 48/999, time remaining: 18s
Rendered 49/999, time remaining: 18s
Rendered 50/999, time remaining: 18s
Rendered 51/999, time remaining: 18s
Rendered 52/999, time remaining: 18s
Rendered 53/999, time remaining: 18s
Rendered 54/999, time remaining: 17s
Rendered 55/999, time remaining: 17s
Rendered 56/999, time remaining: 17s
Rendered 57/999, time remaining: 17s
Rendered 58/999, time remaining: 17s
Rendered 59/999, time remaining: 17s
Rendered 60/999, time remaining: 17s
Rendered 61/999, time remaining: 17s
Rendered 62/999, time remaining: 17s
Rendered 63/999, time remaining: 17s
Rendered 64/999, time remaining: 17s
Rendered 65/999, time remaining: 17s
Rendered 66/999, time remaining: 17s
Rendered 67/999, time remaining: 17s
Rendered 68/999, time remaining: 17s
Rendered 69/999, time remaining: 17s
Rendered 70/999, time remaining: 17s
Rendered 71/999, time remaining: 17s
Rendered 72/999, time remaining: 17s
Rendered 73/999, time remaining: 17s
Rendered 74/999, time remaining: 16s
Rendered 75/999, time remaining: 17s
Rendered 76/999, time remaining: 16s
Rendered 77/999, time remaining: 16s
Rendered 78/999, time remaining: 16s
Rendered 79/999, time remaining: 16s
Rendered 80/999, time remaining: 16s
Rendered 81/999, time remaining: 16s
Rendered 82/999, time remaining: 16s
Rendered 83/999, time remaining: 16s
Rendered 84/999, time remaining: 16s
Rendered 85/999, time remaining: 16s
Rendered 86/999, time remaining: 16s
Rendered 87/999, time remaining: 16s
Rendered 88/999, time remaining: 16s
Rendered 89/999, time remaining: 16s
Rendered 90/999, time remaining: 16s
Rendered 91/999, time remaining: 16s
Rendered 92/999, time remaining: 16s
Rendered 93/999, time remaining: 16s
Rendered 94/999, time remaining: 16s
Rendered 95/999, time remaining: 16s
Rendered 96/999, time remaining: 16s
Rendered 97/999, time remaining: 16s
Rendered 98/999, time remaining: 16s
Rendered 99/999, time remaining: 16s
Rendered 100/999, time remaining: 16s
Rendered 101/999, time remaining: 16s
Rendered 102/999, time remaining: 16s
Rendered 103/999, time remaining: 16s
Rendered 104/999, time remaining: 15s
Rendered 105/999, time remaining: 16s
Rendered 106/999, time remaining: 15s
Rendered 107/999, time remaining: 15s
Rendered 108/999, time remaining: 15s
Rendered 109/999, time remaining: 15s
Rendered 110/999, time remaining: 15s
Rendered 111/999, time remaining: 15s
Rendered 112/999, time remaining: 15s
Rendered 113/999, time remaining: 15s
Rendered 114/999, time remaining: 15s
Rendered 115/999, time remaining: 15s
Rendered 116/999, time remaining: 15s
Rendered 117/999, time remaining: 15s
Rendered 118/999, time remaining: 15s
Rendered 119/999, time remaining: 15s
Rendered 120/999, time remaining: 15s
Rendered 121/999, time remaining: 15s
Rendered 122/999, time remaining: 15s
Rendered 123/999, time remaining: 15s
Rendered 124/999, time remaining: 15s
Rendered 125/999, time remaining: 15s
Rendered 126/999, time remaining: 15s
Rendered 127/999, time remaining: 15s
Rendered 128/999, time remaining: 15s
Rendered 129/999, time remaining: 15s
Rendered 130/999, time remaining: 15s
Rendered 131/999, time remaining: 15s
Rendered 132/999, time remaining: 15s
Rendered 133/999, time remaining: 15s
Rendered 134/999, time remaining: 15s
Rendered 135/999, time remaining: 15s
Rendered 136/999, time remaining: 15s
Rendered 137/999, time remaining: 15s
Rendered 138/999, time remaining: 15s
Rendered 139/999, time remaining: 15s
Rendered 140/999, time remaining: 14s
Rendered 141/999, time remaining: 15s
Rendered 142/999, time remaining: 14s
Rendered 143/999, time remaining: 15s
Rendered 144/999, time remaining: 14s
Rendered 145/999, time remaining: 14s
Rendered 146/999, time remaining: 14s
Rendered 147/999, time remaining: 14s
Rendered 148/999, time remaining: 14s
Rendered 149/999, time remaining: 14s
Rendered 150/999, time remaining: 14s
Rendered 151/999, time remaining: 14s
Rendered 152/999, time remaining: 14s
Rendered 153/999, time remaining: 14s
Rendered 154/999, time remaining: 14s
Rendered 155/999, time remaining: 14s
Rendered 156/999, time remaining: 13s
Rendered 157/999, time remaining: 13s
Rendered 158/999, time remaining: 13s
Rendered 159/999, time remaining: 13s
Rendered 160/999, time remaining: 13s
Rendered 161/999, time remaining: 13s
Rendered 162/999, time remaining: 13s
Rendered 163/999, time remaining: 13s
Rendered 164/999, time remaining: 13s
Rendered 165/999, time remaining: 13s
Rendered 166/999, time remaining: 13s
Rendered 167/999, time remaining: 13s
Rendered 168/999, time remaining: 13s
Rendered 169/999, time remaining: 13s
Rendered 170/999, time remaining: 13s
Rendered 171/999, time remaining: 13s
Rendered 172/999, time remaining: 13s
Rendered 173/999, time remaining: 13s
Rendered 174/999, time remaining: 13s
Rendered 175/999, time remaining: 13s
Rendered 176/999, time remaining: 13s
Rendered 177/999, time remaining: 13s
Rendered 178/999, time remaining: 13s
Rendered 179/999, time remaining: 13s
Rendered 180/999, time remaining: 13s
Rendered 181/999, time remaining: 13s
Rendered 182/999, time remaining: 13s
Rendered 183/999, time remaining: 13s
Rendered 184/999, time remaining: 13s
Rendered 185/999, time remaining: 13s
Rendered 186/999, time remaining: 13s
Rendered 187/999, time remaining: 13s
Rendered 188/999, time remaining: 13s
Rendered 189/999, time remaining: 13s
Rendered 190/999, time remaining: 13s
Rendered 191/999, time remaining: 13s
Rendered 192/999, time remaining: 13s
Rendered 193/999, time remaining: 13s
Rendered 194/999, time remaining: 13s
Rendered 195/999, time remaining: 13s
Rendered 196/999, time remaining: 13s
Rendered 197/999, time remaining: 13s
Rendered 198/999, time remaining: 13s
Rendered 199/999, time remaining: 13s
Rendered 200/999, time remaining: 13s
Rendered 201/999, time remaining: 13s
Rendered 202/999, time remaining: 13s
Rendered 203/999, time remaining: 13s
Rendered 204/999, time remaining: 13s
Rendered 205/999, time remaining: 13s
Rendered 206/999, time remaining: 13s
Rendered 207/999, time remaining: 13s
Rendered 208/999, time remaining: 13s
Rendered 209/999, time remaining: 13s
Rendered 210/999, time remaining: 13s
Rendered 211/999, time remaining: 13s
Rendered 212/999, time remaining: 13s
Rendered 213/999, time remaining: 13s
Rendered 214/999, time remaining: 13s
Rendered 215/999, time remaining: 13s
Rendered 216/999, time remaining: 12s
Rendered 217/999, time remaining: 12s
Rendered 218/999, time remaining: 12s
Rendered 219/999, time remaining: 12s
Rendered 220/999, time remaining: 12s
Rendered 221/999, time remaining: 12s
Rendered 222/999, time remaining: 12s
Rendered 223/999, time remaining: 12s
Rendered 224/999, time remaining: 12s
Rendered 225/999, time remaining: 12s
Rendered 226/999, time remaining: 12s
Rendered 227/999, time remaining: 12s
Rendered 228/999, time remaining: 12s
Rendered 229/999, time remaining: 12s
Rendered 230/999, time remaining: 12s
Rendered 231/999, time remaining: 12s
Rendered 232/999, time remaining: 12s
Rendered 233/999, time remaining: 12s
Rendered 234/999, time remaining: 12s
Rendered 235/999, time remaining: 12s
Rendered 236/999, time remaining: 12s
Rendered 237/999, time remaining: 12s
Rendered 238/999, time remaining: 12s
Rendered 239/999, time remaining: 12s
Rendered 240/999, time remaining: 12s
Rendered 241/999, time remaining: 12s
Rendered 242/999, time remaining: 12s
Rendered 243/999, time remaining: 12s
Rendered 244/999, time remaining: 12s
Rendered 245/999, time remaining: 12s
Rendered 246/999, time remaining: 12s
Rendered 247/999, time remaining: 12s
Rendered 248/999, time remaining: 12s
Rendered 249/999, time remaining: 12s
Rendered 250/999, time remaining: 12s
Rendered 251/999, time remaining: 12s
Rendered 252/999, time remaining: 12s
Rendered 253/999, time remaining: 12s
Rendered 254/999, time remaining: 12s
Rendered 255/999, time remaining: 12s
Rendered 256/999, time remaining: 12s
Rendered 257/999, time remaining: 12s
Rendered 258/999, time remaining: 12s
Rendered 259/999, time remaining: 12s
Rendered 260/999, time remaining: 12s
Rendered 261/999, time remaining: 12s
Rendered 262/999, time remaining: 12s
Rendered 263/999, time remaining: 12s
Rendered 264/999, time remaining: 12s
Rendered 265/999, time remaining: 12s
Rendered 266/999, time remaining: 12s
Rendered 267/999, time remaining: 12s
Rendered 268/999, time remaining: 12s
Rendered 269/999, time remaining: 12s
Rendered 270/999, time remaining: 12s
Rendered 271/999, time remaining: 12s
Rendered 272/999, time remaining: 12s
Rendered 273/999, time remaining: 12s
Rendered 274/999, time remaining: 12s
Rendered 275/999, time remaining: 12s
Rendered 276/999, time remaining: 12s
Rendered 277/999, time remaining: 12s
Rendered 278/999, time remaining: 12s
Rendered 279/999, time remaining: 11s
Rendered 280/999, time remaining: 11s
Rendered 281/999, time remaining: 11s
Rendered 282/999, time remaining: 11s
Rendered 283/999, time remaining: 11s
Rendered 284/999, time remaining: 11s
Rendered 285/999, time remaining: 11s
Rendered 286/999, time remaining: 11s
Rendered 287/999, time remaining: 11s
Rendered 288/999, time remaining: 11s
Rendered 289/999, time remaining: 11s
Rendered 290/999, time remaining: 11s
Rendered 291/999, time remaining: 11s
Rendered 292/999, time remaining: 11s
Rendered 293/999, time remaining: 11s
Rendered 294/999, time remaining: 11s
Rendered 295/999, time remaining: 11s
Rendered 296/999, time remaining: 11s
Rendered 297/999, time remaining: 11s
Rendered 298/999, time remaining: 11s
Rendered 299/999, time remaining: 11s
Rendered 300/999, time remaining: 11s
Rendered 301/999, time remaining: 11s
Rendered 302/999, time remaining: 11s
Rendered 303/999, time remaining: 11s
Rendered 304/999, time remaining: 11s
Rendered 305/999, time remaining: 11s
Rendered 306/999, time remaining: 11s
Rendered 307/999, time remaining: 11s
Rendered 308/999, time remaining: 11s
Rendered 309/999, time remaining: 11s
Rendered 310/999, time remaining: 11s
Rendered 311/999, time remaining: 11s
Rendered 312/999, time remaining: 11s
Rendered 313/999, time remaining: 11s
Rendered 314/999, time remaining: 11s
Rendered 315/999, time remaining: 11s
Rendered 316/999, time remaining: 11s
Rendered 317/999, time remaining: 11s
Rendered 318/999, time remaining: 11s
Rendered 319/999, time remaining: 11s
Rendered 320/999, time remaining: 11s
Rendered 321/999, time remaining: 11s
Rendered 322/999, time remaining: 11s
Rendered 323/999, time remaining: 11s
Rendered 324/999, time remaining: 11s
Rendered 325/999, time remaining: 11s
Rendered 326/999, time remaining: 11s
Rendered 327/999, time remaining: 11s
Rendered 328/999, time remaining: 11s
Rendered 329/999, time remaining: 11s
Rendered 330/999, time remaining: 11s
Rendered 331/999, time remaining: 11s
Rendered 332/999, time remaining: 11s
Rendered 333/999, time remaining: 11s
Rendered 334/999, time remaining: 11s
Rendered 335/999, time remaining: 11s
Rendered 336/999, time remaining: 11s
Rendered 337/999, time remaining: 11s
Rendered 338/999, time remaining: 11s
Rendered 339/999, time remaining: 11s
Rendered 340/999, time remaining: 10s
Rendered 341/999, time remaining: 10s
Rendered 342/999, time remaining: 10s
Rendered 343/999, time remaining: 10s
Rendered 344/999, time remaining: 10s
Rendered 345/999, time remaining: 10s
Rendered 346/999, time remaining: 10s
Rendered 347/999, time remaining: 10s
Rendered 348/999, time remaining: 10s
Rendered 349/999, time remaining: 10s
Rendered 350/999, time remaining: 10s
Rendered 351/999, time remaining: 10s
Rendered 352/999, time remaining: 10s
Rendered 353/999, time remaining: 10s
Rendered 354/999, time remaining: 10s
Rendered 355/999, time remaining: 10s
Rendered 356/999, time remaining: 10s
Rendered 357/999, time remaining: 10s
Rendered 358/999, time remaining: 10s
Rendered 359/999, time remaining: 10s
Rendered 360/999, time remaining: 10s
Rendered 361/999, time remaining: 10s
Rendered 362/999, time remaining: 10s
Rendered 363/999, time remaining: 10s
Rendered 364/999, time remaining: 10s
Rendered 365/999, time remaining: 10s
Rendered 366/999, time remaining: 10s
Rendered 367/999, time remaining: 10s
Rendered 368/999, time remaining: 10s
Rendered 369/999, time remaining: 10s
Rendered 370/999, time remaining: 10s
Rendered 371/999, time remaining: 10s
Rendered 372/999, time remaining: 10s
Rendered 373/999, time remaining: 10s
Rendered 374/999, time remaining: 10s
Rendered 375/999, time remaining: 10s
Rendered 376/999, time remaining: 10s
Rendered 377/999, time remaining: 10s
Rendered 378/999, time remaining: 10s
Rendered 379/999, time remaining: 10s
Rendered 380/999, time remaining: 10s
Rendered 381/999, time remaining: 10s
Rendered 382/999, time remaining: 10s
Rendered 383/999, time remaining: 10s
Rendered 384/999, time remaining: 10s
Rendered 385/999, time remaining: 10s
Rendered 386/999, time remaining: 10s
Rendered 387/999, time remaining: 10s
Rendered 388/999, time remaining: 10s
Rendered 389/999, time remaining: 10s
Rendered 390/999, time remaining: 10s
Rendered 391/999, time remaining: 10s
Rendered 392/999, time remaining: 10s
Rendered 393/999, time remaining: 10s
Rendered 394/999, time remaining: 10s
Rendered 395/999, time remaining: 10s
Rendered 396/999, time remaining: 10s
Rendered 397/999, time remaining: 10s
Rendered 398/999, time remaining: 10s
Rendered 399/999, time remaining: 10s
Rendered 400/999, time remaining: 9s
Rendered 401/999, time remaining: 9s
Rendered 402/999, time remaining: 9s
Rendered 403/999, time remaining: 9s
Rendered 404/999, time remaining: 9s
Rendered 405/999, time remaining: 9s
Rendered 406/999, time remaining: 9s
Rendered 407/999, time remaining: 9s
Rendered 408/999, time remaining: 9s
Rendered 409/999, time remaining: 9s
Rendered 410/999, time remaining: 9s
Rendered 411/999, time remaining: 9s
Rendered 412/999, time remaining: 9s
Rendered 413/999, time remaining: 9s
Rendered 414/999, time remaining: 9s
Rendered 415/999, time remaining: 9s
Rendered 416/999, time remaining: 9s
Rendered 417/999, time remaining: 9s
Rendered 418/999, time remaining: 9s
Rendered 419/999, time remaining: 9s
Rendered 420/999, time remaining: 9s
Rendered 421/999, time remaining: 9s
Rendered 422/999, time remaining: 9s
Rendered 423/999, time remaining: 9s
Rendered 424/999, time remaining: 9s
Rendered 425/999, time remaining: 9s
Rendered 426/999, time remaining: 9s
Rendered 427/999, time remaining: 9s
Rendered 428/999, time remaining: 9s
Rendered 429/999, time remaining: 9s
Rendered 430/999, time remaining: 9s
Rendered 431/999, time remaining: 9s
Rendered 432/999, time remaining: 9s
Rendered 433/999, time remaining: 9s
Rendered 434/999, time remaining: 9s
Rendered 435/999, time remaining: 9s
Rendered 436/999, time remaining: 9s
Rendered 437/999, time remaining: 9s
Rendered 438/999, time remaining: 9s
Rendered 439/999, time remaining: 9s
Rendered 440/999, time remaining: 9s
Rendered 441/999, time remaining: 9s
Rendered 442/999, time remaining: 9s
Rendered 443/999, time remaining: 9s
Rendered 444/999, time remaining: 9s
Rendered 445/999, time remaining: 9s
Rendered 446/999, time remaining: 9s
Rendered 447/999, time remaining: 9s
Rendered 448/999, time remaining: 9s
Rendered 449/999, time remaining: 9s
Rendered 450/999, time remaining: 9s
Rendered 451/999, time remaining: 9s
Rendered 452/999, time remaining: 9s
Rendered 453/999, time remaining: 9s
Rendered 454/999, time remaining: 9s
Rendered 455/999, time remaining: 9s
Rendered 456/999, time remaining: 9s
Rendered 457/999, time remaining: 9s
Rendered 458/999, time remaining: 9s
Rendered 459/999, time remaining: 9s
Rendered 460/999, time remaining: 8s
Rendered 461/999, time remaining: 8s
Rendered 462/999, time remaining: 8s
Rendered 463/999, time remaining: 8s
Rendered 464/999, time remaining: 8s
Rendered 465/999, time remaining: 8s
Rendered 466/999, time remaining: 8s
Rendered 467/999, time remaining: 8s
Rendered 468/999, time remaining: 8s
Rendered 469/999, time remaining: 8s
Rendered 470/999, time remaining: 8s
Rendered 471/999, time remaining: 8s
Rendered 472/999, time remaining: 8s
Rendered 473/999, time remaining: 8s
Rendered 474/999, time remaining: 8s
Rendered 475/999, time remaining: 8s
Rendered 476/999, time remaining: 8s
Rendered 477/999, time remaining: 8s
Rendered 478/999, time remaining: 8s
Rendered 479/999, time remaining: 8s
Rendered 480/999, time remaining: 8s
Rendered 481/999, time remaining: 8s
Rendered 482/999, time remaining: 8s
Rendered 483/999, time remaining: 8s
Rendered 484/999, time remaining: 8s
Rendered 485/999, time remaining: 8s
Rendered 486/999, time remaining: 8s
Rendered 487/999, time remaining: 8s
Rendered 488/999, time remaining: 8s
Rendered 489/999, time remaining: 8s
Rendered 490/999, time remaining: 8s
Rendered 491/999, time remaining: 8s
Rendered 492/999, time remaining: 8s
Rendered 493/999, time remaining: 8s
Rendered 494/999, time remaining: 8s
Rendered 495/999, time remaining: 8s
Rendered 496/999, time remaining: 8s
Rendered 497/999, time remaining: 8s
Rendered 498/999, time remaining: 8s
Rendered 499/999, time remaining: 8s
Rendered 500/999, time remaining: 8s
Rendered 501/999, time remaining: 8s
Rendered 502/999, time remaining: 8s
Rendered 503/999, time remaining: 8s
Rendered 504/999, time remaining: 8s
Rendered 505/999, time remaining: 8s
Rendered 506/999, time remaining: 8s
Rendered 507/999, time remaining: 8s
Rendered 508/999, time remaining: 8s
Rendered 509/999, time remaining: 8s
Rendered 510/999, time remaining: 8s
Rendered 511/999, time remaining: 8s
Rendered 512/999, time remaining: 8s
Rendered 513/999, time remaining: 8s
Rendered 514/999, time remaining: 8s
Rendered 515/999, time remaining: 8s
Rendered 516/999, time remaining: 8s
Rendered 517/999, time remaining: 8s
Rendered 518/999, time remaining: 8s
Rendered 519/999, time remaining: 8s
Rendered 520/999, time remaining: 7s
Rendered 521/999, time remaining: 7s
Rendered 522/999, time remaining: 7s
Rendered 523/999, time remaining: 7s
Rendered 524/999, time remaining: 7s
Rendered 525/999, time remaining: 7s
Rendered 526/999, time remaining: 7s
Rendered 527/999, time remaining: 7s
Rendered 528/999, time remaining: 7s
Rendered 529/999, time remaining: 7s
Rendered 530/999, time remaining: 7s
Rendered 531/999, time remaining: 7s
Rendered 532/999, time remaining: 7s
Rendered 533/999, time remaining: 7s
Rendered 534/999, time remaining: 7s
Rendered 535/999, time remaining: 7s
Rendered 536/999, time remaining: 7s
Rendered 537/999, time remaining: 7s
Rendered 538/999, time remaining: 7s
Rendered 539/999, time remaining: 7s
Rendered 540/999, time remaining: 7s
Rendered 541/999, time remaining: 7s
Rendered 542/999, time remaining: 7s
Rendered 543/999, time remaining: 7s
Rendered 544/999, time remaining: 7s
Rendered 545/999, time remaining: 7s
Rendered 546/999, time remaining: 7s
Rendered 547/999, time remaining: 7s
Rendered 548/999, time remaining: 7s
Rendered 549/999, time remaining: 7s
Rendered 550/999, time remaining: 7s
Rendered 551/999, time remaining: 7s
Rendered 552/999, time remaining: 7s
Rendered 553/999, time remaining: 7s
Rendered 554/999, time remaining: 7s
Rendered 555/999, time remaining: 7s
Rendered 556/999, time remaining: 7s
Rendered 557/999, time remaining: 7s
Rendered 558/999, time remaining: 7s
Rendered 559/999, time remaining: 7s
Rendered 560/999, time remaining: 7s
Rendered 561/999, time remaining: 7s
Rendered 562/999, time remaining: 7s
Rendered 563/999, time remaining: 7s
Rendered 564/999, time remaining: 7s
Rendered 565/999, time remaining: 7s
Rendered 566/999, time remaining: 7s
Rendered 567/999, time remaining: 7s
Rendered 568/999, time remaining: 7s
Rendered 569/999, time remaining: 7s
Rendered 570/999, time remaining: 7s
Rendered 571/999, time remaining: 7s
Rendered 572/999, time remaining: 7s
Rendered 573/999, time remaining: 7s
Rendered 574/999, time remaining: 7s
Rendered 575/999, time remaining: 7s
Rendered 576/999, time remaining: 7s
Rendered 577/999, time remaining: 7s
Rendered 578/999, time remaining: 7s
Rendered 579/999, time remaining: 7s
Rendered 580/999, time remaining: 6s
Rendered 581/999, time remaining: 6s
Rendered 582/999, time remaining: 6s
Rendered 583/999, time remaining: 6s
Rendered 584/999, time remaining: 6s
Rendered 585/999, time remaining: 6s
Rendered 586/999, time remaining: 6s
Rendered 587/999, time remaining: 6s
Rendered 588/999, time remaining: 6s
Rendered 589/999, time remaining: 6s
Rendered 590/999, time remaining: 6s
Rendered 591/999, time remaining: 6s
Rendered 592/999, time remaining: 6s
Rendered 593/999, time remaining: 6s
Rendered 594/999, time remaining: 6s
Rendered 595/999, time remaining: 6s
Rendered 596/999, time remaining: 6s
Rendered 597/999, time remaining: 6s
Rendered 598/999, time remaining: 6s
Rendered 599/999, time remaining: 6s
Rendered 600/999, time remaining: 6s
Rendered 601/999, time remaining: 6s
Rendered 602/999, time remaining: 6s
Rendered 603/999, time remaining: 6s
Rendered 604/999, time remaining: 6s
Rendered 605/999, time remaining: 6s
Rendered 606/999, time remaining: 6s
Rendered 607/999, time remaining: 6s
Rendered 608/999, time remaining: 6s
Rendered 609/999, time remaining: 6s
Rendered 610/999, time remaining: 6s
Rendered 611/999, time remaining: 6s
Rendered 612/999, time remaining: 6s
Rendered 613/999, time remaining: 6s
Rendered 614/999, time remaining: 6s
Rendered 615/999, time remaining: 6s
Rendered 616/999, time remaining: 6s
Rendered 617/999, time remaining: 6s
Rendered 618/999, time remaining: 6s
Rendered 619/999, time remaining: 6s
Rendered 620/999, time remaining: 6s
Rendered 621/999, time remaining: 6s
Rendered 622/999, time remaining: 6s
Rendered 623/999, time remaining: 6s
Rendered 624/999, time remaining: 6s
Rendered 625/999, time remaining: 6s
Rendered 626/999, time remaining: 6s
Rendered 627/999, time remaining: 6s
Rendered 628/999, time remaining: 6s
Rendered 629/999, time remaining: 6s
Rendered 630/999, time remaining: 6s
Rendered 631/999, time remaining: 6s
Rendered 632/999, time remaining: 6s
Rendered 633/999, time remaining: 6s
Rendered 634/999, time remaining: 6s
Rendered 635/999, time remaining: 6s
Rendered 636/999, time remaining: 6s
Rendered 637/999, time remaining: 6s
Rendered 638/999, time remaining: 6s
Rendered 639/999, time remaining: 6s
Rendered 640/999, time remaining: 5s
Rendered 641/999, time remaining: 5s
Rendered 642/999, time remaining: 5s
Rendered 643/999, time remaining: 5s
Rendered 644/999, time remaining: 5s
Rendered 645/999, time remaining: 5s
Rendered 646/999, time remaining: 5s
Rendered 647/999, time remaining: 5s
Rendered 648/999, time remaining: 5s
Rendered 649/999, time remaining: 5s
Rendered 650/999, time remaining: 5s
Rendered 651/999, time remaining: 5s
Rendered 652/999, time remaining: 5s
Rendered 653/999, time remaining: 5s
Rendered 654/999, time remaining: 5s
Rendered 655/999, time remaining: 5s
Rendered 656/999, time remaining: 5s
Rendered 657/999, time remaining: 5s
Rendered 658/999, time remaining: 5s
Rendered 659/999, time remaining: 5s
Rendered 660/999, time remaining: 5s
Rendered 661/999, time remaining: 5s
Rendered 662/999, time remaining: 5s
Rendered 663/999, time remaining: 5s
Rendered 664/999, time remaining: 5s
Rendered 665/999, time remaining: 5s
Rendered 666/999, time remaining: 5s
Rendered 667/999, time remaining: 5s
Rendered 668/999, time remaining: 5s
Rendered 669/999, time remaining: 5s
Rendered 670/999, time remaining: 5s
Rendered 671/999, time remaining: 5s
Rendered 672/999, time remaining: 5s
Rendered 673/999, time remaining: 5s
Rendered 674/999, time remaining: 5s
Rendered 675/999, time remaining: 5s
Rendered 676/999, time remaining: 5s
Rendered 677/999, time remaining: 5s
Rendered 678/999, time remaining: 5s
Rendered 679/999, time remaining: 5s
Rendered 680/999, time remaining: 5s
Rendered 681/999, time remaining: 5s
Rendered 682/999, time remaining: 5s
Rendered 683/999, time remaining: 5s
Rendered 684/999, time remaining: 5s
Rendered 685/999, time remaining: 5s
Rendered 686/999, time remaining: 5s
Rendered 687/999, time remaining: 5s
Rendered 688/999, time remaining: 5s
Rendered 689/999, time remaining: 5s
Rendered 690/999, time remaining: 5s
Rendered 691/999, time remaining: 5s
Rendered 692/999, time remaining: 5s
Rendered 693/999, time remaining: 5s
Rendered 694/999, time remaining: 5s
Rendered 695/999, time remaining: 5s
Rendered 696/999, time remaining: 5s
Rendered 697/999, time remaining: 5s
Rendered 698/999, time remaining: 5s
Rendered 699/999, time remaining: 5s
Rendered 700/999, time remaining: 4s
Rendered 701/999, time remaining: 4s
Rendered 702/999, time remaining: 4s
Rendered 703/999, time remaining: 4s
Rendered 704/999, time remaining: 4s
Rendered 705/999, time remaining: 4s
Rendered 706/999, time remaining: 4s
Rendered 707/999, time remaining: 4s
Rendered 708/999, time remaining: 4s
Rendered 709/999, time remaining: 4s
Rendered 710/999, time remaining: 4s
Rendered 711/999, time remaining: 4s
Rendered 712/999, time remaining: 4s
Rendered 713/999, time remaining: 4s
Rendered 714/999, time remaining: 4s
Rendered 715/999, time remaining: 4s
Rendered 716/999, time remaining: 4s
Rendered 717/999, time remaining: 4s
Rendered 718/999, time remaining: 4s
Rendered 719/999, time remaining: 4s
Rendered 720/999, time remaining: 4s
Rendered 721/999, time remaining: 4s
Rendered 722/999, time remaining: 4s
Rendered 723/999, time remaining: 4s
Rendered 724/999, time remaining: 4s
Rendered 725/999, time remaining: 4s
Rendered 726/999, time remaining: 4s
Rendered 727/999, time remaining: 4s
Rendered 728/999, time remaining: 4s
Rendered 729/999, time remaining: 4s
Rendered 730/999, time remaining: 4s
Rendered 731/999, time remaining: 4s
Rendered 732/999, time remaining: 4s
Rendered 733/999, time remaining: 4s
Rendered 734/999, time remaining: 4s
Rendered 735/999, time remaining: 4s
Rendered 736/999, time remaining: 4s
Rendered 737/999, time remaining: 4s
Rendered 738/999, time remaining: 4s
Rendered 739/999, time remaining: 4s
Rendered 740/999, time remaining: 4s
Rendered 741/999, time remaining: 4s
Rendered 742/999, time remaining: 4s
Rendered 743/999, time remaining: 4s
Rendered 744/999, time remaining: 4s
Rendered 745/999, time remaining: 4s
Rendered 746/999, time remaining: 4s
Rendered 747/999, time remaining: 4s
Rendered 748/999, time remaining: 4s
Rendered 749/999, time remaining: 4s
Rendered 750/999, time remaining: 4s
Rendered 751/999, time remaining: 4s
Rendered 752/999, time remaining: 4s
Rendered 753/999, time remaining: 4s
Rendered 754/999, time remaining: 4s
Rendered 755/999, time remaining: 4s
Rendered 756/999, time remaining: 4s
Rendered 757/999, time remaining: 4s
Rendered 758/999, time remaining: 4s
Rendered 759/999, time remaining: 4s
Rendered 760/999, time remaining: 3s
Rendered 761/999, time remaining: 3s
Rendered 762/999, time remaining: 3s
Rendered 763/999, time remaining: 3s
Rendered 764/999, time remaining: 3s
Rendered 765/999, time remaining: 3s
Rendered 766/999, time remaining: 3s
Rendered 767/999, time remaining: 3s
Rendered 768/999, time remaining: 3s
Rendered 769/999, time remaining: 3s
Rendered 770/999, time remaining: 3s
Rendered 771/999, time remaining: 3s
Rendered 772/999, time remaining: 3s
Rendered 773/999, time remaining: 3s
Rendered 774/999, time remaining: 3s
Rendered 775/999, time remaining: 3s
Rendered 776/999, time remaining: 3s
Rendered 777/999, time remaining: 3s
Rendered 778/999, time remaining: 3s
Rendered 779/999, time remaining: 3s
Rendered 780/999, time remaining: 3s
Rendered 781/999, time remaining: 3s
Rendered 782/999, time remaining: 3s
Rendered 783/999, time remaining: 3s
Rendered 784/999, time remaining: 3s
Rendered 785/999, time remaining: 3s
Rendered 786/999, time remaining: 3s
Rendered 787/999, time remaining: 3s
Rendered 788/999, time remaining: 3s
Rendered 789/999, time remaining: 3s
Rendered 790/999, time remaining: 3s
Rendered 791/999, time remaining: 3s
Rendered 792/999, time remaining: 3s
Rendered 793/999, time remaining: 3s
Rendered 794/999, time remaining: 3s
Rendered 795/999, time remaining: 3s
Rendered 796/999, time remaining: 3s
Rendered 797/999, time remaining: 3s
Rendered 798/999, time remaining: 3s
Rendered 799/999, time remaining: 3s
Rendered 800/999, time remaining: 3s
Rendered 801/999, time remaining: 3s
Rendered 802/999, time remaining: 3s
Rendered 803/999, time remaining: 3s
Rendered 804/999, time remaining: 3s
Rendered 805/999, time remaining: 3s
Rendered 806/999, time remaining: 3s
Rendered 807/999, time remaining: 3s
Rendered 808/999, time remaining: 3s
Rendered 809/999, time remaining: 3s
Rendered 810/999, time remaining: 3s
Rendered 811/999, time remaining: 3s
Rendered 812/999, time remaining: 3s
Rendered 813/999, time remaining: 3s
Rendered 814/999, time remaining: 3s
Rendered 815/999, time remaining: 3s
Rendered 816/999, time remaining: 3s
Rendered 817/999, time remaining: 3s
Rendered 818/999, time remaining: 3s
Rendered 819/999, time remaining: 3s
Rendered 820/999, time remaining: 2s
Rendered 821/999, time remaining: 2s
Rendered 822/999, time remaining: 2s
Rendered 823/999, time remaining: 2s
Rendered 824/999, time remaining: 2s
Rendered 825/999, time remaining: 2s
Rendered 826/999, time remaining: 2s
Rendered 827/999, time remaining: 2s
Rendered 828/999, time remaining: 2s
Rendered 829/999, time remaining: 2s
Rendered 830/999, time remaining: 2s
Rendered 831/999, time remaining: 2s
Rendered 832/999, time remaining: 2s
Rendered 833/999, time remaining: 2s
Rendered 834/999, time remaining: 2s
Rendered 835/999, time remaining: 2s
Rendered 836/999, time remaining: 2s
Rendered 837/999, time remaining: 2s
Rendered 838/999, time remaining: 2s
Rendered 839/999, time remaining: 2s
Rendered 840/999, time remaining: 2s
Rendered 841/999, time remaining: 2s
Rendered 842/999, time remaining: 2s
Rendered 843/999, time remaining: 2s
Rendered 844/999, time remaining: 2s
Rendered 845/999, time remaining: 2s
Rendered 846/999, time remaining: 2s
Rendered 847/999, time remaining: 2s
Rendered 848/999, time remaining: 2s
Rendered 849/999, time remaining: 2s
Rendered 850/999, time remaining: 2s
Rendered 851/999, time remaining: 2s
Rendered 852/999, time remaining: 2s
Rendered 853/999, time remaining: 2s
Rendered 854/999, time remaining: 2s
Rendered 855/999, time remaining: 2s
Rendered 856/999, time remaining: 2s
Rendered 857/999, time remaining: 2s
Rendered 858/999, time remaining: 2s
Rendered 859/999, time remaining: 2s
Rendered 860/999, time remaining: 2s
Rendered 861/999, time remaining: 2s
Rendered 862/999, time remaining: 2s
Rendered 863/999, time remaining: 2s
Rendered 864/999, time remaining: 2s
Rendered 865/999, time remaining: 2s
Rendered 866/999, time remaining: 2s
Rendered 867/999, time remaining: 2s
Rendered 868/999, time remaining: 2s
Rendered 869/999, time remaining: 2s
Rendered 870/999, time remaining: 2s
Rendered 871/999, time remaining: 2s
Rendered 872/999, time remaining: 2s
Rendered 873/999, time remaining: 2s
Rendered 874/999, time remaining: 2s
Rendered 875/999, time remaining: 2s
Rendered 876/999, time remaining: 2s
Rendered 877/999, time remaining: 2s
Rendered 878/999, time remaining: 2s
Rendered 879/999, time remaining: 1s
Rendered 880/999, time remaining: 1s
Rendered 881/999, time remaining: 1s
Rendered 882/999, time remaining: 1s
Rendered 883/999, time remaining: 1s
Rendered 884/999, time remaining: 1s
Rendered 885/999, time remaining: 1s
Rendered 886/999, time remaining: 1s
Rendered 887/999, time remaining: 1s
Rendered 888/999, time remaining: 1s
Rendered 889/999, time remaining: 1s
Rendered 890/999, time remaining: 1s
Rendered 891/999, time remaining: 1s
Rendered 892/999, time remaining: 1s
Rendered 893/999, time remaining: 1s
Rendered 894/999, time remaining: 1s
Rendered 895/999, time remaining: 1s
Rendered 896/999, time remaining: 1s
Rendered 897/999, time remaining: 1s
Rendered 898/999, time remaining: 1s
Rendered 899/999, time remaining: 1s
Rendered 900/999, time remaining: 1s
Rendered 901/999, time remaining: 1s
Rendered 902/999, time remaining: 1s
Rendered 903/999, time remaining: 1s
Rendered 904/999, time remaining: 1s
Rendered 905/999, time remaining: 1s
Rendered 906/999, time remaining: 1s
Rendered 907/999, time remaining: 1s
Rendered 908/999, time remaining: 1s
Rendered 909/999, time remaining: 1s
Rendered 910/999, time remaining: 1s
Rendered 911/999, time remaining: 1s
Rendered 912/999, time remaining: 1s
Rendered 913/999, time remaining: 1s
Rendered 914/999, time remaining: 1s
Rendered 915/999, time remaining: 1s
Rendered 916/999, time remaining: 1s
Rendered 917/999, time remaining: 1s
Rendered 918/999, time remaining: 1s
Rendered 919/999, time remaining: 1s
Rendered 920/999, time remaining: 1s
Rendered 921/999, time remaining: 1s
Rendered 922/999, time remaining: 1s
Rendered 923/999, time remaining: 1s
Rendered 924/999, time remaining: 1s
Rendered 925/999, time remaining: 1s
Rendered 926/999, time remaining: 1s
Rendered 927/999, time remaining: 1s
Rendered 928/999, time remaining: 1s
Rendered 929/999, time remaining: 1s
Rendered 930/999, time remaining: 1s
Rendered 931/999, time remaining: 1s
Rendered 932/999, time remaining: 1s
Rendered 933/999, time remaining: 1s
Rendered 934/999, time remaining: 1s
Rendered 935/999, time remaining: 1s
Rendered 936/999, time remaining: 1s
Rendered 937/999, time remaining: 1s
Rendered 938/999, time remaining: 1s
Rendered 939/999, time remaining: 0s
Rendered 940/999, time remaining: 0s
Rendered 941/999, time remaining: 0s
Rendered 942/999, time remaining: 0s
Rendered 943/999, time remaining: 0s
Rendered 944/999, time remaining: 0s
Rendered 945/999, time remaining: 0s
Rendered 946/999, time remaining: 0s
Rendered 947/999, time remaining: 0s
Rendered 948/999, time remaining: 0s
Rendered 949/999, time remaining: 0s
Rendered 950/999, time remaining: 0s
Rendered 951/999, time remaining: 0s
Rendered 952/999, time remaining: 0s
Rendered 953/999, time remaining: 0s
Rendered 954/999, time remaining: 0s
Rendered 955/999, time remaining: 0s
Rendered 956/999, time remaining: 0s
Rendered 957/999, time remaining: 0s
Rendered 958/999, time remaining: 0s
Rendered 959/999, time remaining: 0s
Rendered 960/999, time remaining: 0s
Rendered 961/999, time remaining: 0s
Rendered 962/999, time remaining: 0s
Rendered 963/999, time remaining: 0s
Rendered 964/999, time remaining: 0s
Rendered 965/999, time remaining: 0s
Rendered 966/999, time remaining: 0s
Rendered 967/999, time remaining: 0s
Rendered 968/999, time remaining: 0s
Rendered 969/999, time remaining: 0s
Rendered 970/999, time remaining: 0s
Rendered 971/999, time remaining: 0s
Rendered 972/999, time remaining: 0s
Rendered 973/999, time remaining: 0s
Rendered 974/999, time remaining: 0s
Rendered 975/999, time remaining: 0s
Rendered 976/999, time remaining: 0s
Rendered 977/999, time remaining: 0s
Rendered 978/999, time remaining: 0s
Rendered 979/999, time remaining: 0s
Rendered 980/999, time remaining: 0s
Rendered 981/999, time remaining: 0s
Rendered 982/999, time remaining: 0s
Rendered 983/999, time remaining: 0s
Rendered 984/999, time remaining: 0s
Rendered 985/999, time remaining: 0s
Rendered 986/999, time remaining: 0s
Rendered 987/999, time remaining: 0s
Rendered 988/999, time remaining: 0s
Rendered 989/999, time remaining: 0s
Rendered 990/999, time remaining: 0s
Rendered 991/999, time remaining: 0s
Rendered 992/999, time remaining: 0s
Rendered 993/999, time remaining: 0s
Rendered 994/999, time remaining: 0s
Rendered 995/999, time remaining: 0s
Rendered 996/999, time remaining: 0s
Rendered 997/999, time remaining: 0s
Rendered 998/999, time remaining: 0s
Rendered 999/999
Encoded 343/999
Encoded 829/999
Encoded 999/999
+                    /Users/janghokim/Documents/xps-staggered-joints-shorts/public/assets/video/xps-staggered-joints-preview-v1.mp4 1.8 MB
